<?xml version="1.0"?>
<link_info>
   <banner>MSP430 Linker PC v4.3.3</banner>
   <copyright>Copyright (c) 2003-2014 Texas Instruments Incorporated</copyright>
   <link_time>0x551cc42a</link_time>
   <link_errors>0x0</link_errors>
   <output_file>Laser_Engraver.out</output_file>
   <entry_point>
      <name>_c_int00</name>
      <address>0x44f4</address>
   </entry_point>
   <input_file_list>
      <input_file id="fl-2">
         <path>.\</path>
         <kind>object</kind>
         <file>debug.obj</file>
         <name>debug.obj</name>
      </input_file>
      <input_file id="fl-3">
         <path>.\</path>
         <kind>object</kind>
         <file>laser_driver.obj</file>
         <name>laser_driver.obj</name>
      </input_file>
      <input_file id="fl-4">
         <path>.\</path>
         <kind>object</kind>
         <file>main.obj</file>
         <name>main.obj</name>
      </input_file>
      <input_file id="fl-5">
         <path>.\</path>
         <kind>object</kind>
         <file>motors.obj</file>
         <name>motors.obj</name>
      </input_file>
      <input_file id="fl-6">
         <path>.\</path>
         <kind>object</kind>
         <file>time.obj</file>
         <name>time.obj</name>
      </input_file>
      <input_file id="fl-7">
         <path>.\</path>
         <kind>object</kind>
         <file>uart_fifo.obj</file>
         <name>uart_fifo.obj</name>
      </input_file>
      <input_file id="fl-36">
         <path>c:\ti\ccsv6\tools\compiler\msp430_4.3.3\lib\</path>
         <kind>archive</kind>
         <file>rts430x_lc_rd_eabi.lib</file>
         <name>addd.obj</name>
      </input_file>
      <input_file id="fl-37">
         <path>c:\ti\ccsv6\tools\compiler\msp430_4.3.3\lib\</path>
         <kind>archive</kind>
         <file>rts430x_lc_rd_eabi.lib</file>
         <name>boot.obj</name>
      </input_file>
      <input_file id="fl-38">
         <path>c:\ti\ccsv6\tools\compiler\msp430_4.3.3\lib\</path>
         <kind>archive</kind>
         <file>rts430x_lc_rd_eabi.lib</file>
         <name>cmpd.obj</name>
      </input_file>
      <input_file id="fl-39">
         <path>c:\ti\ccsv6\tools\compiler\msp430_4.3.3\lib\</path>
         <kind>archive</kind>
         <file>rts430x_lc_rd_eabi.lib</file>
         <name>copy_decompress_none.obj</name>
      </input_file>
      <input_file id="fl-3a">
         <path>c:\ti\ccsv6\tools\compiler\msp430_4.3.3\lib\</path>
         <kind>archive</kind>
         <file>rts430x_lc_rd_eabi.lib</file>
         <name>copy_decompress_rle.obj</name>
      </input_file>
      <input_file id="fl-3b">
         <path>c:\ti\ccsv6\tools\compiler\msp430_4.3.3\lib\</path>
         <kind>archive</kind>
         <file>rts430x_lc_rd_eabi.lib</file>
         <name>copy_zero_init.obj</name>
      </input_file>
      <input_file id="fl-3c">
         <path>c:\ti\ccsv6\tools\compiler\msp430_4.3.3\lib\</path>
         <kind>archive</kind>
         <file>rts430x_lc_rd_eabi.lib</file>
         <name>exit.obj</name>
      </input_file>
      <input_file id="fl-3d">
         <path>c:\ti\ccsv6\tools\compiler\msp430_4.3.3\lib\</path>
         <kind>archive</kind>
         <file>rts430x_lc_rd_eabi.lib</file>
         <name>fltud.obj</name>
      </input_file>
      <input_file id="fl-3e">
         <path>c:\ti\ccsv6\tools\compiler\msp430_4.3.3\lib\</path>
         <kind>archive</kind>
         <file>rts430x_lc_rd_eabi.lib</file>
         <name>fltuld.obj</name>
      </input_file>
      <input_file id="fl-3f">
         <path>c:\ti\ccsv6\tools\compiler\msp430_4.3.3\lib\</path>
         <kind>archive</kind>
         <file>rts430x_lc_rd_eabi.lib</file>
         <name>frcaddd.obj</name>
      </input_file>
      <input_file id="fl-40">
         <path>c:\ti\ccsv6\tools\compiler\msp430_4.3.3\lib\</path>
         <kind>archive</kind>
         <file>rts430x_lc_rd_eabi.lib</file>
         <name>int41.obj</name>
      </input_file>
      <input_file id="fl-41">
         <path>c:\ti\ccsv6\tools\compiler\msp430_4.3.3\lib\</path>
         <kind>archive</kind>
         <file>rts430x_lc_rd_eabi.lib</file>
         <name>int43.obj</name>
      </input_file>
      <input_file id="fl-42">
         <path>c:\ti\ccsv6\tools\compiler\msp430_4.3.3\lib\</path>
         <kind>archive</kind>
         <file>rts430x_lc_rd_eabi.lib</file>
         <name>int44.obj</name>
      </input_file>
      <input_file id="fl-43">
         <path>c:\ti\ccsv6\tools\compiler\msp430_4.3.3\lib\</path>
         <kind>archive</kind>
         <file>rts430x_lc_rd_eabi.lib</file>
         <name>int45.obj</name>
      </input_file>
      <input_file id="fl-44">
         <path>c:\ti\ccsv6\tools\compiler\msp430_4.3.3\lib\</path>
         <kind>archive</kind>
         <file>rts430x_lc_rd_eabi.lib</file>
         <name>int47.obj</name>
      </input_file>
      <input_file id="fl-45">
         <path>c:\ti\ccsv6\tools\compiler\msp430_4.3.3\lib\</path>
         <kind>archive</kind>
         <file>rts430x_lc_rd_eabi.lib</file>
         <name>int48.obj</name>
      </input_file>
      <input_file id="fl-46">
         <path>c:\ti\ccsv6\tools\compiler\msp430_4.3.3\lib\</path>
         <kind>archive</kind>
         <file>rts430x_lc_rd_eabi.lib</file>
         <name>int50.obj</name>
      </input_file>
      <input_file id="fl-47">
         <path>c:\ti\ccsv6\tools\compiler\msp430_4.3.3\lib\</path>
         <kind>archive</kind>
         <file>rts430x_lc_rd_eabi.lib</file>
         <name>int51.obj</name>
      </input_file>
      <input_file id="fl-48">
         <path>c:\ti\ccsv6\tools\compiler\msp430_4.3.3\lib\</path>
         <kind>archive</kind>
         <file>rts430x_lc_rd_eabi.lib</file>
         <name>int53.obj</name>
      </input_file>
      <input_file id="fl-49">
         <path>c:\ti\ccsv6\tools\compiler\msp430_4.3.3\lib\</path>
         <kind>archive</kind>
         <file>rts430x_lc_rd_eabi.lib</file>
         <name>int54.obj</name>
      </input_file>
      <input_file id="fl-4a">
         <path>c:\ti\ccsv6\tools\compiler\msp430_4.3.3\lib\</path>
         <kind>archive</kind>
         <file>rts430x_lc_rd_eabi.lib</file>
         <name>int55.obj</name>
      </input_file>
      <input_file id="fl-4b">
         <path>c:\ti\ccsv6\tools\compiler\msp430_4.3.3\lib\</path>
         <kind>archive</kind>
         <file>rts430x_lc_rd_eabi.lib</file>
         <name>int56.obj</name>
      </input_file>
      <input_file id="fl-4c">
         <path>c:\ti\ccsv6\tools\compiler\msp430_4.3.3\lib\</path>
         <kind>archive</kind>
         <file>rts430x_lc_rd_eabi.lib</file>
         <name>int57.obj</name>
      </input_file>
      <input_file id="fl-4d">
         <path>c:\ti\ccsv6\tools\compiler\msp430_4.3.3\lib\</path>
         <kind>archive</kind>
         <file>rts430x_lc_rd_eabi.lib</file>
         <name>int58.obj</name>
      </input_file>
      <input_file id="fl-4e">
         <path>c:\ti\ccsv6\tools\compiler\msp430_4.3.3\lib\</path>
         <kind>archive</kind>
         <file>rts430x_lc_rd_eabi.lib</file>
         <name>int59.obj</name>
      </input_file>
      <input_file id="fl-4f">
         <path>c:\ti\ccsv6\tools\compiler\msp430_4.3.3\lib\</path>
         <kind>archive</kind>
         <file>rts430x_lc_rd_eabi.lib</file>
         <name>int60.obj</name>
      </input_file>
      <input_file id="fl-50">
         <path>c:\ti\ccsv6\tools\compiler\msp430_4.3.3\lib\</path>
         <kind>archive</kind>
         <file>rts430x_lc_rd_eabi.lib</file>
         <name>int61.obj</name>
      </input_file>
      <input_file id="fl-51">
         <path>c:\ti\ccsv6\tools\compiler\msp430_4.3.3\lib\</path>
         <kind>archive</kind>
         <file>rts430x_lc_rd_eabi.lib</file>
         <name>int62.obj</name>
      </input_file>
      <input_file id="fl-52">
         <path>c:\ti\ccsv6\tools\compiler\msp430_4.3.3\lib\</path>
         <kind>archive</kind>
         <file>rts430x_lc_rd_eabi.lib</file>
         <name>isr_trap.obj</name>
      </input_file>
      <input_file id="fl-53">
         <path>c:\ti\ccsv6\tools\compiler\msp430_4.3.3\lib\</path>
         <kind>archive</kind>
         <file>rts430x_lc_rd_eabi.lib</file>
         <name>lsl32.obj</name>
      </input_file>
      <input_file id="fl-54">
         <path>c:\ti\ccsv6\tools\compiler\msp430_4.3.3\lib\</path>
         <kind>archive</kind>
         <file>rts430x_lc_rd_eabi.lib</file>
         <name>lsr32.obj</name>
      </input_file>
      <input_file id="fl-55">
         <path>c:\ti\ccsv6\tools\compiler\msp430_4.3.3\lib\</path>
         <kind>archive</kind>
         <file>rts430x_lc_rd_eabi.lib</file>
         <name>memcpy.obj</name>
      </input_file>
      <input_file id="fl-56">
         <path>c:\ti\ccsv6\tools\compiler\msp430_4.3.3\lib\</path>
         <kind>archive</kind>
         <file>rts430x_lc_rd_eabi.lib</file>
         <name>mpu_init.obj</name>
      </input_file>
      <input_file id="fl-57">
         <path>c:\ti\ccsv6\tools\compiler\msp430_4.3.3\lib\</path>
         <kind>archive</kind>
         <file>rts430x_lc_rd_eabi.lib</file>
         <name>mult16_f5hw.obj</name>
      </input_file>
      <input_file id="fl-58">
         <path>c:\ti\ccsv6\tools\compiler\msp430_4.3.3\lib\</path>
         <kind>archive</kind>
         <file>rts430x_lc_rd_eabi.lib</file>
         <name>pre_init.obj</name>
      </input_file>
      <input_file id="fl-59">
         <path>c:\ti\ccsv6\tools\compiler\msp430_4.3.3\lib\</path>
         <kind>archive</kind>
         <file>rts430x_lc_rd_eabi.lib</file>
         <name>printf.obj</name>
      </input_file>
      <input_file id="fl-5a">
         <path>c:\ti\ccsv6\tools\compiler\msp430_4.3.3\lib\</path>
         <kind>archive</kind>
         <file>rts430x_lc_rd_eabi.lib</file>
         <name>renormd.obj</name>
      </input_file>
      <input_file id="fl-5b">
         <path>c:\ti\ccsv6\tools\compiler\msp430_4.3.3\lib\</path>
         <kind>archive</kind>
         <file>rts430x_lc_rd_eabi.lib</file>
         <name>subd.obj</name>
      </input_file>
      <input_file id="fl-5c">
         <path>c:\ti\ccsv6\tools\compiler\msp430_4.3.3\lib\</path>
         <kind>archive</kind>
         <file>rts430x_lc_rd_eabi.lib</file>
         <name>_lock.obj</name>
      </input_file>
      <input_file id="fl-5d">
         <path>c:\ti\ccsv6\tools\compiler\msp430_4.3.3\lib\</path>
         <kind>archive</kind>
         <file>rts430x_lc_rd_eabi.lib</file>
         <name>_printfi_min.obj</name>
      </input_file>
      <input_file id="fl-5e">
         <path>c:\ti\ccsv6\tools\compiler\msp430_4.3.3\lib\</path>
         <kind>archive</kind>
         <file>rts430x_lc_rd_eabi.lib</file>
         <name>args_main.obj</name>
      </input_file>
      <input_file id="fl-5f">
         <path>c:\ti\ccsv6\tools\compiler\msp430_4.3.3\lib\</path>
         <kind>archive</kind>
         <file>rts430x_lc_rd_eabi.lib</file>
         <name>asr32.obj</name>
      </input_file>
      <input_file id="fl-60">
         <path>c:\ti\ccsv6\tools\compiler\msp430_4.3.3\lib\</path>
         <kind>archive</kind>
         <file>rts430x_lc_rd_eabi.lib</file>
         <name>autoinit.obj</name>
      </input_file>
      <input_file id="fl-61">
         <path>c:\ti\ccsv6\tools\compiler\msp430_4.3.3\lib\</path>
         <kind>archive</kind>
         <file>rts430x_lc_rd_eabi.lib</file>
         <name>defs.obj</name>
      </input_file>
      <input_file id="fl-62">
         <path>c:\ti\ccsv6\tools\compiler\msp430_4.3.3\lib\</path>
         <kind>archive</kind>
         <file>rts430x_lc_rd_eabi.lib</file>
         <name>div16u.obj</name>
      </input_file>
      <input_file id="fl-63">
         <path>c:\ti\ccsv6\tools\compiler\msp430_4.3.3\lib\</path>
         <kind>archive</kind>
         <file>rts430x_lc_rd_eabi.lib</file>
         <name>fputc.obj</name>
      </input_file>
      <input_file id="fl-64">
         <path>c:\ti\ccsv6\tools\compiler\msp430_4.3.3\lib\</path>
         <kind>archive</kind>
         <file>rts430x_lc_rd_eabi.lib</file>
         <name>fputs.obj</name>
      </input_file>
      <input_file id="fl-65">
         <path>c:\ti\ccsv6\tools\compiler\msp430_4.3.3\lib\</path>
         <kind>archive</kind>
         <file>rts430x_lc_rd_eabi.lib</file>
         <name>lowlev.obj</name>
      </input_file>
      <input_file id="fl-66">
         <path>c:\ti\ccsv6\tools\compiler\msp430_4.3.3\lib\</path>
         <kind>archive</kind>
         <file>rts430x_lc_rd_eabi.lib</file>
         <name>memccpy.obj</name>
      </input_file>
      <input_file id="fl-67">
         <path>c:\ti\ccsv6\tools\compiler\msp430_4.3.3\lib\</path>
         <kind>archive</kind>
         <file>rts430x_lc_rd_eabi.lib</file>
         <name>memchr.obj</name>
      </input_file>
      <input_file id="fl-68">
         <path>c:\ti\ccsv6\tools\compiler\msp430_4.3.3\lib\</path>
         <kind>archive</kind>
         <file>rts430x_lc_rd_eabi.lib</file>
         <name>memset.obj</name>
      </input_file>
      <input_file id="fl-69">
         <path>c:\ti\ccsv6\tools\compiler\msp430_4.3.3\lib\</path>
         <kind>archive</kind>
         <file>rts430x_lc_rd_eabi.lib</file>
         <name>strchr.obj</name>
      </input_file>
      <input_file id="fl-6a">
         <path>c:\ti\ccsv6\tools\compiler\msp430_4.3.3\lib\</path>
         <kind>archive</kind>
         <file>rts430x_lc_rd_eabi.lib</file>
         <name>strcmp.obj</name>
      </input_file>
      <input_file id="fl-6b">
         <path>c:\ti\ccsv6\tools\compiler\msp430_4.3.3\lib\</path>
         <kind>archive</kind>
         <file>rts430x_lc_rd_eabi.lib</file>
         <name>strlen.obj</name>
      </input_file>
      <input_file id="fl-6c">
         <path>c:\ti\ccsv6\tools\compiler\msp430_4.3.3\lib\</path>
         <kind>archive</kind>
         <file>rts430x_lc_rd_eabi.lib</file>
         <name>strncpy.obj</name>
      </input_file>
      <input_file id="fl-6d">
         <path>c:\ti\ccsv6\tools\compiler\msp430_4.3.3\lib\</path>
         <kind>archive</kind>
         <file>rts430x_lc_rd_eabi.lib</file>
         <name>trgdrv.obj</name>
      </input_file>
      <input_file id="fl-6e">
         <path>c:\ti\ccsv6\tools\compiler\msp430_4.3.3\lib\</path>
         <kind>archive</kind>
         <file>rts430x_lc_rd_eabi.lib</file>
         <name>trgmsg.obj</name>
      </input_file>
      <input_file id="fl-6f">
         <path>c:\ti\ccsv6\tools\compiler\msp430_4.3.3\lib\</path>
         <kind>archive</kind>
         <file>rts430x_lc_rd_eabi.lib</file>
         <name>_io_perm.obj</name>
      </input_file>
      <input_file id="fl-70">
         <path>c:\ti\ccsv6\tools\compiler\msp430_4.3.3\lib\</path>
         <kind>archive</kind>
         <file>rts430x_lc_rd_eabi.lib</file>
         <name>div16s.obj</name>
      </input_file>
      <input_file id="fl-71">
         <path>c:\ti\ccsv6\tools\compiler\msp430_4.3.3\lib\</path>
         <kind>archive</kind>
         <file>rts430x_lc_rd_eabi.lib</file>
         <name>fflush.obj</name>
      </input_file>
      <input_file id="fl-72">
         <path>c:\ti\ccsv6\tools\compiler\msp430_4.3.3\lib\</path>
         <kind>archive</kind>
         <file>rts430x_lc_rd_eabi.lib</file>
         <name>fseek.obj</name>
      </input_file>
      <input_file id="fl-73">
         <path>c:\ti\ccsv6\tools\compiler\msp430_4.3.3\lib\</path>
         <kind>archive</kind>
         <file>rts430x_lc_rd_eabi.lib</file>
         <name>setvbuf.obj</name>
      </input_file>
      <input_file id="fl-74">
         <path>c:\ti\ccsv6\tools\compiler\msp430_4.3.3\lib\</path>
         <kind>archive</kind>
         <file>rts430x_lc_rd_eabi.lib</file>
         <name>strcpy.obj</name>
      </input_file>
      <input_file id="fl-75">
         <path>c:\ti\ccsv6\tools\compiler\msp430_4.3.3\lib\</path>
         <kind>archive</kind>
         <file>rts430x_lc_rd_eabi.lib</file>
         <name>fopen.obj</name>
      </input_file>
      <input_file id="fl-76">
         <path>c:\ti\ccsv6\tools\compiler\msp430_4.3.3\lib\</path>
         <kind>archive</kind>
         <file>rts430x_lc_rd_eabi.lib</file>
         <name>memory.obj</name>
      </input_file>
      <input_file id="fl-77">
         <path>c:\ti\ccsv6\tools\compiler\msp430_4.3.3\lib\</path>
         <kind>archive</kind>
         <file>rts430x_lc_rd_eabi.lib</file>
         <name>fclose.obj</name>
      </input_file>
      <input_file id="fl-78">
         <path>c:\ti\ccsv6\tools\compiler\msp430_4.3.3\lib\</path>
         <kind>archive</kind>
         <file>rts430x_lc_rd_eabi.lib</file>
         <name>remove.obj</name>
      </input_file>
   </input_file_list>
   <object_component_list>
      <object_component id="oc-230">
         <name>.common:y_pos_buffer</name>
         <uninitialized>true</uninitialized>
         <run_address>0x2400</run_address>
         <size>0xbb8</size>
      </object_component>
      <object_component id="oc-343">
         <name>.common:tx_char</name>
         <uninitialized>true</uninitialized>
         <run_address>0x317f</run_address>
         <size>0x1</size>
      </object_component>
      <object_component id="oc-2dc">
         <name>.common:rx_flag</name>
         <uninitialized>true</uninitialized>
         <run_address>0x317e</run_address>
         <size>0x1</size>
      </object_component>
      <object_component id="oc-11d">
         <name>.common:rx_char</name>
         <uninitialized>true</uninitialized>
         <run_address>0x317c</run_address>
         <size>0x1</size>
      </object_component>
      <object_component id="oc-344">
         <name>.common:tx_fifo</name>
         <uninitialized>true</uninitialized>
         <run_address>0x30d8</run_address>
         <size>0x80</size>
      </object_component>
      <object_component id="oc-2d6">
         <name>.common:rx_fifo</name>
         <uninitialized>true</uninitialized>
         <run_address>0x3058</run_address>
         <size>0x80</size>
      </object_component>
      <object_component id="oc-348">
         <name>.common:tx_fifo_ptA</name>
         <uninitialized>true</uninitialized>
         <run_address>0x3176</run_address>
         <size>0x2</size>
      </object_component>
      <object_component id="oc-349">
         <name>.common:tx_fifo_ptB</name>
         <uninitialized>true</uninitialized>
         <run_address>0x3178</run_address>
         <size>0x2</size>
      </object_component>
      <object_component id="oc-2db">
         <name>.common:rx_fifo_ptA</name>
         <uninitialized>true</uninitialized>
         <run_address>0x3172</run_address>
         <size>0x2</size>
      </object_component>
      <object_component id="oc-2da">
         <name>.common:rx_fifo_ptB</name>
         <uninitialized>true</uninitialized>
         <run_address>0x3174</run_address>
         <size>0x2</size>
      </object_component>
      <object_component id="oc-1da">
         <name>.common:rx_fifo_full</name>
         <uninitialized>true</uninitialized>
         <run_address>0x317d</run_address>
         <size>0x1</size>
      </object_component>
      <object_component id="oc-34b">
         <name>.common:tx_fifo_full</name>
         <uninitialized>true</uninitialized>
         <run_address>0x3180</run_address>
         <size>0x1</size>
      </object_component>
      <object_component id="oc-1db">
         <name>.common:packet_ip</name>
         <uninitialized>true</uninitialized>
         <run_address>0x317a</run_address>
         <size>0x1</size>
      </object_component>
      <object_component id="oc-215">
         <name>.common:packet_ready</name>
         <uninitialized>true</uninitialized>
         <run_address>0x317b</run_address>
         <size>0x1</size>
      </object_component>
      <object_component id="oc-3d8">
         <name>.common:__TI_cleanup_ptr</name>
         <uninitialized>true</uninitialized>
         <run_address>0x3160</run_address>
         <size>0x4</size>
      </object_component>
      <object_component id="oc-18f">
         <name>.common:__TI_dtors_ptr</name>
         <uninitialized>true</uninitialized>
         <run_address>0x3164</run_address>
         <size>0x4</size>
      </object_component>
      <object_component id="oc-462">
         <name>.common:__TI_tmpnams</name>
         <uninitialized>true</uninitialized>
         <run_address>0x2fb8</run_address>
         <size>0xa0</size>
      </object_component>
      <object_component id="oc-4ba">
         <name>.common:parmbuf</name>
         <uninitialized>true</uninitialized>
         <run_address>0x3158</run_address>
         <size>0x8</size>
      </object_component>
      <object_component id="oc-457">
         <name>.common:sys_free</name>
         <uninitialized>true</uninitialized>
         <run_address>0x316c</run_address>
         <size>0x4</size>
      </object_component>
      <object_component id="oc-45a">
         <name>.common:sys_base</name>
         <uninitialized>true</uninitialized>
         <run_address>0x3168</run_address>
         <size>0x4</size>
      </object_component>
      <object_component id="oc-459">
         <name>.common:memsize</name>
         <uninitialized>true</uninitialized>
         <run_address>0x3170</run_address>
         <size>0x2</size>
      </object_component>
      <object_component id="oc-9c">
         <name>.sysmem</name>
         <uninitialized>true</uninitialized>
         <run_address>0x3460</run_address>
         <size>0x6</size>
         <input_file_ref idref="fl-76"/>
      </object_component>
      <object_component id="oc-568">
         <name>.sysmem</name>
         <uninitialized>true</uninitialized>
         <run_address>0x3460</run_address>
         <size>0x0</size>
      </object_component>
      <object_component id="oc-98">
         <name>.stack</name>
         <uninitialized>true</uninitialized>
         <run_address>0x4360</run_address>
         <size>0x4</size>
         <input_file_ref idref="fl-37"/>
      </object_component>
      <object_component id="oc-567">
         <name>.stack</name>
         <uninitialized>true</uninitialized>
         <run_address>0x4360</run_address>
         <size>0x0</size>
      </object_component>
      <object_component id="oc-16a">
         <name>.text:moveMotors</name>
         <load_address>0x10000</load_address>
         <run_address>0x10000</run_address>
         <size>0x346</size>
         <input_file_ref idref="fl-5"/>
      </object_component>
      <object_component id="oc-201">
         <name>.text:__mspabi_addd</name>
         <load_address>0x10346</load_address>
         <run_address>0x10346</run_address>
         <size>0x2d8</size>
         <input_file_ref idref="fl-36"/>
      </object_component>
      <object_component id="oc-c2">
         <name>.text:main</name>
         <load_address>0x1061e</load_address>
         <run_address>0x1061e</run_address>
         <size>0x2b0</size>
         <input_file_ref idref="fl-4"/>
      </object_component>
      <object_component id="oc-271">
         <name>.text:__TI_frcaddd</name>
         <load_address>0x108ce</load_address>
         <run_address>0x108ce</run_address>
         <size>0x252</size>
         <input_file_ref idref="fl-3f"/>
      </object_component>
      <object_component id="oc-290">
         <name>.text:pack_tx_packet</name>
         <load_address>0x10b20</load_address>
         <run_address>0x10b20</run_address>
         <size>0x14a</size>
         <input_file_ref idref="fl-7"/>
      </object_component>
      <object_component id="oc-21c">
         <name>.text:parse_rx_packet</name>
         <load_address>0x10c6a</load_address>
         <run_address>0x10c6a</run_address>
         <size>0x140</size>
         <input_file_ref idref="fl-7"/>
      </object_component>
      <object_component id="oc-322">
         <name>.text:_setfield</name>
         <load_address>0x10daa</load_address>
         <run_address>0x10daa</run_address>
         <size>0x132</size>
         <input_file_ref idref="fl-5d"/>
      </object_component>
      <object_component id="oc-30e">
         <name>.text:fputs</name>
         <load_address>0x10edc</load_address>
         <run_address>0x10edc</run_address>
         <size>0xf0</size>
         <input_file_ref idref="fl-64"/>
      </object_component>
      <object_component id="oc-396">
         <name>.text:setvbuf</name>
         <load_address>0x10fcc</load_address>
         <run_address>0x10fcc</run_address>
         <size>0xe0</size>
         <input_file_ref idref="fl-73"/>
      </object_component>
      <object_component id="oc-1f2">
         <name>.text:__mspabi_cmpd</name>
         <load_address>0x110ac</load_address>
         <run_address>0x110ac</run_address>
         <size>0xd8</size>
         <input_file_ref idref="fl-38"/>
      </object_component>
      <object_component id="oc-17c">
         <name>.text:respond_to_burn_cmd</name>
         <load_address>0x11184</load_address>
         <run_address>0x11184</run_address>
         <size>0xd4</size>
         <input_file_ref idref="fl-3"/>
      </object_component>
      <object_component id="oc-2ed">
         <name>.text:__TI_printfi_minimal</name>
         <load_address>0x11258</load_address>
         <run_address>0x11258</run_address>
         <size>0xd2</size>
         <input_file_ref idref="fl-5d"/>
      </object_component>
      <object_component id="oc-3cc">
         <name>.text:malloc</name>
         <load_address>0x1132a</load_address>
         <run_address>0x1132a</run_address>
         <size>0xba</size>
         <input_file_ref idref="fl-76"/>
      </object_component>
      <object_component id="oc-2ca">
         <name>.text:__TI_renormd</name>
         <load_address>0x113e4</load_address>
         <run_address>0x113e4</run_address>
         <size>0xb2</size>
         <input_file_ref idref="fl-5a"/>
      </object_component>
      <object_component id="oc-229">
         <name>.text:parse_burn_cmd_payload</name>
         <load_address>0x11496</load_address>
         <run_address>0x11496</run_address>
         <size>0xae</size>
         <input_file_ref idref="fl-7"/>
      </object_component>
      <object_component id="oc-43a">
         <name>.text:HOSTlseek</name>
         <load_address>0x11544</load_address>
         <run_address>0x11544</run_address>
         <size>0x9e</size>
         <input_file_ref idref="fl-6d"/>
      </object_component>
      <object_component id="oc-216">
         <name>.text:uart_getp</name>
         <load_address>0x115e2</load_address>
         <run_address>0x115e2</run_address>
         <size>0x94</size>
         <input_file_ref idref="fl-7"/>
      </object_component>
      <object_component id="oc-315">
         <name>.text:fputc</name>
         <load_address>0x11676</load_address>
         <run_address>0x11676</run_address>
         <size>0x90</size>
         <input_file_ref idref="fl-63"/>
      </object_component>
      <object_component id="oc-3c6">
         <name>.text:free</name>
         <load_address>0x11706</load_address>
         <run_address>0x11706</run_address>
         <size>0x8e</size>
         <input_file_ref idref="fl-76"/>
      </object_component>
      <object_component id="oc-176">
         <name>.text:check_and_respond_to_msg</name>
         <load_address>0x11794</load_address>
         <run_address>0x11794</run_address>
         <size>0x82</size>
         <input_file_ref idref="fl-7"/>
      </object_component>
      <object_component id="oc-150">
         <name>.text:initMotorIO</name>
         <load_address>0x11816</load_address>
         <run_address>0x11816</run_address>
         <size>0x82</size>
         <input_file_ref idref="fl-5"/>
      </object_component>
      <object_component id="oc-351">
         <name>.text:__TI_wrt_ok</name>
         <load_address>0x11898</load_address>
         <run_address>0x11898</run_address>
         <size>0x7e</size>
         <input_file_ref idref="fl-6f"/>
      </object_component>
      <object_component id="oc-237">
         <name>.text:send_ready</name>
         <load_address>0x11916</load_address>
         <run_address>0x11916</run_address>
         <size>0x78</size>
         <input_file_ref idref="fl-7"/>
      </object_component>
      <object_component id="oc-25e">
         <name>.text:__mspabi_fltuld</name>
         <load_address>0x1198e</load_address>
         <run_address>0x1198e</run_address>
         <size>0x76</size>
         <input_file_ref idref="fl-3e"/>
      </object_component>
      <object_component id="oc-446">
         <name>.text:HOSTrename</name>
         <load_address>0x11a04</load_address>
         <run_address>0x11a04</run_address>
         <size>0x74</size>
         <input_file_ref idref="fl-6d"/>
      </object_component>
      <object_component id="oc-416">
         <name>.text:__TI_closefile</name>
         <load_address>0x11a78</load_address>
         <run_address>0x11a78</run_address>
         <size>0x70</size>
         <input_file_ref idref="fl-77"/>
      </object_component>
      <object_component id="oc-422">
         <name>.text:HOSTopen</name>
         <load_address>0x11ae8</load_address>
         <run_address>0x11ae8</run_address>
         <size>0x6e</size>
         <input_file_ref idref="fl-6d"/>
      </object_component>
      <object_component id="oc-bc">
         <name>.text:_auto_init_hold_wdt</name>
         <load_address>0x11b56</load_address>
         <run_address>0x11b56</run_address>
         <size>0x6e</size>
         <input_file_ref idref="fl-60"/>
      </object_component>
      <object_component id="oc-434">
         <name>.text:HOSTwrite</name>
         <load_address>0x11bc4</load_address>
         <run_address>0x11bc4</run_address>
         <size>0x6a</size>
         <input_file_ref idref="fl-6d"/>
      </object_component>
      <object_component id="oc-390">
         <name>.text:fseek</name>
         <load_address>0x11c2e</load_address>
         <run_address>0x11c2e</run_address>
         <size>0x6a</size>
         <input_file_ref idref="fl-72"/>
      </object_component>
      <object_component id="oc-42e">
         <name>.text:HOSTread</name>
         <load_address>0x11c98</load_address>
         <run_address>0x11c98</run_address>
         <size>0x68</size>
         <input_file_ref idref="fl-6d"/>
      </object_component>
      <object_component id="oc-1cd">
         <name>.text:init_timer_A0</name>
         <load_address>0x11d00</load_address>
         <run_address>0x11d00</run_address>
         <size>0x66</size>
         <input_file_ref idref="fl-6"/>
      </object_component>
      <object_component id="oc-35d">
         <name>.text:__TI_doflush</name>
         <load_address>0x11d66</load_address>
         <run_address>0x11d66</run_address>
         <size>0x64</size>
         <input_file_ref idref="fl-71"/>
      </object_component>
      <object_component id="oc-e9">
         <name>.text:__TI_decompress_rle_core</name>
         <load_address>0x11dca</load_address>
         <run_address>0x11dca</run_address>
         <size>0x62</size>
         <input_file_ref idref="fl-3a"/>
      </object_component>
      <object_component id="oc-14a">
         <name>.text:init_uart</name>
         <load_address>0x11e2c</load_address>
         <run_address>0x11e2c</run_address>
         <size>0x62</size>
         <input_file_ref idref="fl-7"/>
      </object_component>
      <object_component id="oc-3b5">
         <name>.text:_ltostr</name>
         <load_address>0x11e8e</load_address>
         <run_address>0x11e8e</run_address>
         <size>0x5a</size>
         <input_file_ref idref="fl-5d"/>
      </object_component>
      <object_component id="oc-45c">
         <name>.text:close</name>
         <load_address>0x11ee8</load_address>
         <run_address>0x11ee8</run_address>
         <size>0x5a</size>
         <input_file_ref idref="fl-65"/>
      </object_component>
      <object_component id="oc-4be">
         <name>.text:getdevice</name>
         <load_address>0x11f42</load_address>
         <run_address>0x11f42</run_address>
         <size>0x5a</size>
         <input_file_ref idref="fl-65"/>
      </object_component>
      <object_component id="oc-2a8">
         <name>.text:send_burn_stop</name>
         <load_address>0x11f9c</load_address>
         <run_address>0x11f9c</run_address>
         <size>0x5a</size>
         <input_file_ref idref="fl-7"/>
      </object_component>
      <object_component id="oc-428">
         <name>.text:HOSTclose</name>
         <load_address>0x11ff6</load_address>
         <run_address>0x11ff6</run_address>
         <size>0x4c</size>
         <input_file_ref idref="fl-6d"/>
      </object_component>
      <object_component id="oc-376">
         <name>.text:_pproc_diouxp</name>
         <load_address>0x12042</load_address>
         <run_address>0x12042</run_address>
         <size>0x4c</size>
         <input_file_ref idref="fl-5d"/>
      </object_component>
      <object_component id="oc-282">
         <name>.text:printf</name>
         <load_address>0x1208e</load_address>
         <run_address>0x1208e</run_address>
         <size>0x4a</size>
         <input_file_ref idref="fl-59"/>
      </object_component>
      <object_component id="oc-328">
         <name>.text:_pproc_str</name>
         <load_address>0x120d8</load_address>
         <run_address>0x120d8</run_address>
         <size>0x48</size>
         <input_file_ref idref="fl-5d"/>
      </object_component>
      <object_component id="oc-440">
         <name>.text:HOSTunlink</name>
         <load_address>0x12120</load_address>
         <run_address>0x12120</run_address>
         <size>0x46</size>
         <input_file_ref idref="fl-6d"/>
      </object_component>
      <object_component id="oc-40c">
         <name>.text:minit</name>
         <load_address>0x12166</load_address>
         <run_address>0x12166</run_address>
         <size>0x42</size>
         <input_file_ref idref="fl-76"/>
      </object_component>
      <object_component id="oc-1dd">
         <name>.text:delay_ms</name>
         <load_address>0x121a8</load_address>
         <run_address>0x121a8</run_address>
         <size>0x40</size>
         <input_file_ref idref="fl-6"/>
      </object_component>
      <object_component id="oc-3af">
         <name>.text:_getarg_diouxp</name>
         <load_address>0x121e8</load_address>
         <run_address>0x121e8</run_address>
         <size>0x3e</size>
         <input_file_ref idref="fl-5d"/>
      </object_component>
      <object_component id="oc-29d">
         <name>.text:l_lsl_const</name>
         <load_address>0x12226</load_address>
         <run_address>0x12226</run_address>
         <size>0x3e</size>
         <input_file_ref idref="fl-53"/>
      </object_component>
      <object_component id="oc-2a2">
         <name>.text:l_lsr_const</name>
         <load_address>0x12264</load_address>
         <run_address>0x12264</run_address>
         <size>0x3e</size>
         <input_file_ref idref="fl-54"/>
      </object_component>
      <object_component id="oc-3be">
         <name>.text:lseek</name>
         <load_address>0x122a2</load_address>
         <run_address>0x122a2</run_address>
         <size>0x3e</size>
         <input_file_ref idref="fl-65"/>
      </object_component>
      <object_component id="oc-363">
         <name>.text:write</name>
         <load_address>0x122e0</load_address>
         <run_address>0x122e0</run_address>
         <size>0x3c</size>
         <input_file_ref idref="fl-65"/>
      </object_component>
      <object_component id="oc-3d2">
         <name>.text:__TI_cleanup</name>
         <load_address>0x1231c</load_address>
         <run_address>0x1231c</run_address>
         <size>0x36</size>
         <input_file_ref idref="fl-75"/>
      </object_component>
      <object_component id="oc-474">
         <name>.text:__TI_writemsg</name>
         <load_address>0x12352</load_address>
         <run_address>0x12352</run_address>
         <size>0x36</size>
         <input_file_ref idref="fl-6e"/>
      </object_component>
      <object_component id="oc-2f7">
         <name>.text:uart_putc</name>
         <load_address>0x12388</load_address>
         <run_address>0x12388</run_address>
         <size>0x36</size>
         <input_file_ref idref="fl-7"/>
      </object_component>
      <object_component id="oc-47b">
         <name>.text:__TI_readmsg</name>
         <load_address>0x123be</load_address>
         <run_address>0x123be</run_address>
         <size>0x32</size>
         <input_file_ref idref="fl-6e"/>
      </object_component>
      <object_component id="oc-1fb">
         <name>.text:__mspabi_subd</name>
         <load_address>0x123f0</load_address>
         <run_address>0x123f0</run_address>
         <size>0x32</size>
         <input_file_ref idref="fl-5b"/>
      </object_component>
      <object_component id="oc-13e">
         <name>.text:init_clocks</name>
         <load_address>0x12422</load_address>
         <run_address>0x12422</run_address>
         <size>0x32</size>
         <input_file_ref idref="fl-6"/>
      </object_component>
      <object_component id="oc-4d7">
         <name>.text:strncpy</name>
         <load_address>0x12454</load_address>
         <run_address>0x12454</run_address>
         <size>0x32</size>
         <input_file_ref idref="fl-6c"/>
      </object_component>
      <object_component id="oc-463">
         <name>.text:unlink</name>
         <load_address>0x12486</load_address>
         <run_address>0x12486</run_address>
         <size>0x30</size>
         <input_file_ref idref="fl-65"/>
      </object_component>
      <object_component id="oc-c8">
         <name>.text:exit</name>
         <load_address>0x124b6</load_address>
         <run_address>0x124b6</run_address>
         <size>0x2e</size>
         <input_file_ref idref="fl-3c"/>
      </object_component>
      <object_component id="oc-4dd">
         <name>.text:finddevice</name>
         <load_address>0x124e4</load_address>
         <run_address>0x124e4</run_address>
         <size>0x2e</size>
         <input_file_ref idref="fl-65"/>
      </object_component>
      <object_component id="oc-222">
         <name>.text:send_ack</name>
         <load_address>0x12512</load_address>
         <run_address>0x12512</run_address>
         <size>0x2e</size>
         <input_file_ref idref="fl-7"/>
      </object_component>
      <object_component id="oc-27b">
         <name>.text:uart_getc</name>
         <load_address>0x12540</load_address>
         <run_address>0x12540</run_address>
         <size>0x2c</size>
         <input_file_ref idref="fl-7"/>
      </object_component>
      <object_component id="oc-8c">
         <name>.text:decompress:ZI:__TI_zero_init</name>
         <load_address>0x1256c</load_address>
         <run_address>0x1256c</run_address>
         <size>0x24</size>
         <input_file_ref idref="fl-3b"/>
      </object_component>
      <object_component id="oc-289">
         <name>.text:calc_8bit_mod_checksum</name>
         <load_address>0x12590</load_address>
         <run_address>0x12590</run_address>
         <size>0x20</size>
         <input_file_ref idref="fl-7"/>
      </object_component>
      <object_component id="oc-37c">
         <name>.text:memccpy</name>
         <load_address>0x125b0</load_address>
         <run_address>0x125b0</run_address>
         <size>0x20</size>
         <input_file_ref idref="fl-66"/>
      </object_component>
      <object_component id="oc-144">
         <name>.text:init_laser</name>
         <load_address>0x125d0</load_address>
         <run_address>0x125d0</run_address>
         <size>0x1e</size>
         <input_file_ref idref="fl-3"/>
      </object_component>
      <object_component id="oc-296">
         <name>.text:uart_putp</name>
         <load_address>0x125ee</load_address>
         <run_address>0x125ee</run_address>
         <size>0x1e</size>
         <input_file_ref idref="fl-7"/>
      </object_component>
      <object_component id="oc-4ee">
         <name>.text:strcmp</name>
         <load_address>0x1260c</load_address>
         <run_address>0x1260c</run_address>
         <size>0x1c</size>
         <input_file_ref idref="fl-6a"/>
      </object_component>
      <object_component id="oc-20e">
         <name>.text:turn_off_laser</name>
         <load_address>0x12628</load_address>
         <run_address>0x12628</run_address>
         <size>0x1c</size>
         <input_file_ref idref="fl-3"/>
      </object_component>
      <object_component id="oc-208">
         <name>.text:turn_on_laser</name>
         <load_address>0x12644</load_address>
         <run_address>0x12644</run_address>
         <size>0x1c</size>
         <input_file_ref idref="fl-3"/>
      </object_component>
      <object_component id="oc-3fa">
         <name>.text:_div</name>
         <load_address>0x12660</load_address>
         <run_address>0x12660</run_address>
         <size>0x1a</size>
         <input_file_ref idref="fl-5d"/>
      </object_component>
      <object_component id="oc-4d1">
         <name>.text:strchr</name>
         <load_address>0x1267a</load_address>
         <run_address>0x1267a</run_address>
         <size>0x1a</size>
         <input_file_ref idref="fl-69"/>
      </object_component>
      <object_component id="oc-357">
         <name>.text:memchr</name>
         <load_address>0x12694</load_address>
         <run_address>0x12694</run_address>
         <size>0x16</size>
         <input_file_ref idref="fl-67"/>
      </object_component>
      <object_component id="oc-36f">
         <name>.text:memset</name>
         <load_address>0x126aa</load_address>
         <run_address>0x126aa</run_address>
         <size>0x16</size>
         <input_file_ref idref="fl-68"/>
      </object_component>
      <object_component id="oc-44e">
         <name>.text</name>
         <load_address>0x126c0</load_address>
         <run_address>0x126c0</run_address>
         <size>0x16</size>
         <input_file_ref idref="fl-62"/>
      </object_component>
      <object_component id="oc-165">
         <name>.text</name>
         <load_address>0x126d6</load_address>
         <run_address>0x126d6</run_address>
         <size>0x16</size>
         <input_file_ref idref="fl-57"/>
      </object_component>
      <object_component id="oc-d5">
         <name>.text:memcpy</name>
         <load_address>0x126ec</load_address>
         <run_address>0x126ec</run_address>
         <size>0x14</size>
         <input_file_ref idref="fl-55"/>
      </object_component>
      <object_component id="oc-86">
         <name>.text:decompress:none:__TI_decompress_none</name>
         <load_address>0x12700</load_address>
         <run_address>0x12700</run_address>
         <size>0x12</size>
         <input_file_ref idref="fl-39"/>
      </object_component>
      <object_component id="oc-4b1">
         <name>.text:strcpy</name>
         <load_address>0x12712</load_address>
         <run_address>0x12712</run_address>
         <size>0x12</size>
         <input_file_ref idref="fl-74"/>
      </object_component>
      <object_component id="oc-170">
         <name>.text:turn_on_laser_timed</name>
         <load_address>0x12724</load_address>
         <run_address>0x12724</run_address>
         <size>0x12</size>
         <input_file_ref idref="fl-3"/>
      </object_component>
      <object_component id="oc-2c5">
         <name>.text:l_asr</name>
         <load_address>0x12736</load_address>
         <run_address>0x12736</run_address>
         <size>0x10</size>
         <input_file_ref idref="fl-5f"/>
      </object_component>
      <object_component id="oc-2bb">
         <name>.text:l_lsl</name>
         <load_address>0x12746</load_address>
         <run_address>0x12746</run_address>
         <size>0x10</size>
         <input_file_ref idref="fl-53"/>
      </object_component>
      <object_component id="oc-2c0">
         <name>.text:l_lsr</name>
         <load_address>0x12756</load_address>
         <run_address>0x12756</run_address>
         <size>0x10</size>
         <input_file_ref idref="fl-54"/>
      </object_component>
      <object_component id="oc-231">
         <name>.text:halt_burn</name>
         <load_address>0x12766</load_address>
         <run_address>0x12766</run_address>
         <size>0xe</size>
         <input_file_ref idref="fl-3"/>
      </object_component>
      <object_component id="oc-156">
         <name>.text:initWaitTimer</name>
         <load_address>0x12774</load_address>
         <run_address>0x12774</run_address>
         <size>0xe</size>
         <input_file_ref idref="fl-6"/>
      </object_component>
      <object_component id="oc-138">
         <name>.text:init_pcb_LED</name>
         <load_address>0x12782</load_address>
         <run_address>0x12782</run_address>
         <size>0xe</size>
         <input_file_ref idref="fl-2"/>
      </object_component>
      <object_component id="oc-132">
         <name>.text:init_pcb_input</name>
         <load_address>0x12790</load_address>
         <run_address>0x12790</run_address>
         <size>0xe</size>
         <input_file_ref idref="fl-2"/>
      </object_component>
      <object_component id="oc-31c">
         <name>.text:strlen</name>
         <load_address>0x1279e</load_address>
         <run_address>0x1279e</run_address>
         <size>0xe</size>
         <input_file_ref idref="fl-6b"/>
      </object_component>
      <object_component id="oc-9f">
         <name>.text:__TI_ISR_TRAP</name>
         <load_address>0x127ac</load_address>
         <run_address>0x127ac</run_address>
         <size>0x6</size>
         <input_file_ref idref="fl-52"/>
      </object_component>
      <object_component id="oc-1ec">
         <name>.text:__mspabi_fltud</name>
         <load_address>0x127b2</load_address>
         <run_address>0x127b2</run_address>
         <size>0x6</size>
         <input_file_ref idref="fl-3d"/>
      </object_component>
      <object_component id="oc-2e7">
         <name>.text:_outc</name>
         <load_address>0x127b8</load_address>
         <run_address>0x127b8</run_address>
         <size>0x6</size>
         <input_file_ref idref="fl-59"/>
      </object_component>
      <object_component id="oc-92">
         <name>.text:decompress:rle24:__TI_decompress_rle24</name>
         <load_address>0x127be</load_address>
         <run_address>0x127be</run_address>
         <size>0x6</size>
         <input_file_ref idref="fl-3a"/>
      </object_component>
      <object_component id="oc-1c7">
         <name>.text:disable_laser</name>
         <load_address>0x127c4</load_address>
         <run_address>0x127c4</run_address>
         <size>0x6</size>
         <input_file_ref idref="fl-3"/>
      </object_component>
      <object_component id="oc-15f">
         <name>.text:enable_laser</name>
         <load_address>0x127ca</load_address>
         <run_address>0x127ca</run_address>
         <size>0x6</size>
         <input_file_ref idref="fl-3"/>
      </object_component>
      <object_component id="oc-2e1">
         <name>.text:_outs</name>
         <load_address>0x127d0</load_address>
         <run_address>0x127d0</run_address>
         <size>0x4</size>
         <input_file_ref idref="fl-59"/>
      </object_component>
      <object_component id="oc-b6">
         <name>.text:_system_pre_init</name>
         <load_address>0x127d4</load_address>
         <run_address>0x127d4</run_address>
         <size>0x4</size>
         <input_file_ref idref="fl-58"/>
      </object_component>
      <object_component id="oc-192">
         <name>.text:abort</name>
         <load_address>0x127d8</load_address>
         <run_address>0x127d8</run_address>
         <size>0x4</size>
         <input_file_ref idref="fl-3c"/>
      </object_component>
      <object_component id="oc-240">
         <name>.text:_nop</name>
         <load_address>0x127dc</load_address>
         <run_address>0x127dc</run_address>
         <size>0x2</size>
         <input_file_ref idref="fl-5c"/>
      </object_component>
      <object_component id="oc-aa">
         <name>.text:_isr:USCI0RXTX_ISR</name>
         <load_address>0x4400</load_address>
         <run_address>0x4400</run_address>
         <size>0xb8</size>
         <input_file_ref idref="fl-7"/>
      </object_component>
      <object_component id="oc-a4">
         <name>.text:_isr:Port_1</name>
         <load_address>0x44b8</load_address>
         <run_address>0x44b8</run_address>
         <size>0x1e</size>
         <input_file_ref idref="fl-5"/>
      </object_component>
      <object_component id="oc-b0">
         <name>.text:_isr:microSecondTimer</name>
         <load_address>0x44d6</load_address>
         <run_address>0x44d6</run_address>
         <size>0x1e</size>
         <input_file_ref idref="fl-6"/>
      </object_component>
      <object_component id="oc-73">
         <name>.text:_isr:_c_int00_noargs</name>
         <load_address>0x44f4</load_address>
         <run_address>0x44f4</run_address>
         <size>0x1c</size>
         <input_file_ref idref="fl-37"/>
      </object_component>
      <object_component id="oc-cf">
         <name>.text:_isr:TIMERA0_ISR</name>
         <load_address>0x4510</load_address>
         <run_address>0x4510</run_address>
         <size>0x12</size>
         <input_file_ref idref="fl-6"/>
      </object_component>
      <object_component id="oc-565">
         <name>.cinit..data.load</name>
         <load_address>0x4550</load_address>
         <run_address>0x4550</run_address>
         <size>0x5a</size>
      </object_component>
      <object_component id="oc-562">
         <name>__TI_handler_table</name>
         <load_address>0x45aa</load_address>
         <run_address>0x45aa</run_address>
         <size>0xc</size>
      </object_component>
      <object_component id="oc-564">
         <name>.cinit..bss.load</name>
         <load_address>0x45b6</load_address>
         <run_address>0x45b6</run_address>
         <size>0x6</size>
      </object_component>
      <object_component id="oc-566">
         <name>.cinit..cio.load</name>
         <load_address>0x45bc</load_address>
         <run_address>0x45bc</run_address>
         <size>0x6</size>
      </object_component>
      <object_component id="oc-563">
         <name>__TI_cinit_table</name>
         <load_address>0x45c2</load_address>
         <run_address>0x45c2</run_address>
         <size>0x18</size>
      </object_component>
      <object_component id="oc-375">
         <name>.const:.string</name>
         <load_address>0x4522</load_address>
         <run_address>0x4522</run_address>
         <size>0x14</size>
         <input_file_ref idref="fl-5d"/>
      </object_component>
      <object_component id="oc-281">
         <name>.const:.string</name>
         <load_address>0x4536</load_address>
         <run_address>0x4536</run_address>
         <size>0x12</size>
         <input_file_ref idref="fl-7"/>
      </object_component>
      <object_component id="oc-1f8">
         <name>.const</name>
         <load_address>0x4548</load_address>
         <run_address>0x4548</run_address>
         <size>0x8</size>
         <input_file_ref idref="fl-5"/>
      </object_component>
      <object_component id="oc-4c9">
         <name>.cio</name>
         <uninitialized>true</uninitialized>
         <run_address>0x333e</run_address>
         <size>0x120</size>
         <input_file_ref idref="fl-6e"/>
      </object_component>
      <object_component id="oc-6a">
         <name>.int41</name>
         <load_address>0xffd2</load_address>
         <run_address>0xffd2</run_address>
         <size>0x2</size>
         <input_file_ref idref="fl-40"/>
      </object_component>
      <object_component id="oc-6b">
         <name>.int42</name>
         <load_address>0xffd4</load_address>
         <run_address>0xffd4</run_address>
         <size>0x2</size>
         <input_file_ref idref="fl-5"/>
      </object_component>
      <object_component id="oc-6c">
         <name>.int43</name>
         <load_address>0xffd6</load_address>
         <run_address>0xffd6</run_address>
         <size>0x2</size>
         <input_file_ref idref="fl-41"/>
      </object_component>
      <object_component id="oc-6d">
         <name>.int44</name>
         <load_address>0xffd8</load_address>
         <run_address>0xffd8</run_address>
         <size>0x2</size>
         <input_file_ref idref="fl-42"/>
      </object_component>
      <object_component id="oc-6e">
         <name>.int45</name>
         <load_address>0xffda</load_address>
         <run_address>0xffda</run_address>
         <size>0x2</size>
         <input_file_ref idref="fl-43"/>
      </object_component>
      <object_component id="oc-6f">
         <name>.int46</name>
         <load_address>0xffdc</load_address>
         <run_address>0xffdc</run_address>
         <size>0x2</size>
         <input_file_ref idref="fl-7"/>
      </object_component>
      <object_component id="oc-70">
         <name>.int47</name>
         <load_address>0xffde</load_address>
         <run_address>0xffde</run_address>
         <size>0x2</size>
         <input_file_ref idref="fl-44"/>
      </object_component>
      <object_component id="oc-71">
         <name>.int48</name>
         <load_address>0xffe0</load_address>
         <run_address>0xffe0</run_address>
         <size>0x2</size>
         <input_file_ref idref="fl-45"/>
      </object_component>
      <object_component id="oc-72">
         <name>.int49</name>
         <load_address>0xffe2</load_address>
         <run_address>0xffe2</run_address>
         <size>0x2</size>
         <input_file_ref idref="fl-6"/>
      </object_component>
      <object_component id="oc-79">
         <name>.int50</name>
         <load_address>0xffe4</load_address>
         <run_address>0xffe4</run_address>
         <size>0x2</size>
         <input_file_ref idref="fl-46"/>
      </object_component>
      <object_component id="oc-7a">
         <name>.int51</name>
         <load_address>0xffe6</load_address>
         <run_address>0xffe6</run_address>
         <size>0x2</size>
         <input_file_ref idref="fl-47"/>
      </object_component>
      <object_component id="oc-7b">
         <name>.int52</name>
         <load_address>0xffe8</load_address>
         <run_address>0xffe8</run_address>
         <size>0x2</size>
         <input_file_ref idref="fl-6"/>
      </object_component>
      <object_component id="oc-7c">
         <name>.int53</name>
         <load_address>0xffea</load_address>
         <run_address>0xffea</run_address>
         <size>0x2</size>
         <input_file_ref idref="fl-48"/>
      </object_component>
      <object_component id="oc-7d">
         <name>.int54</name>
         <load_address>0xffec</load_address>
         <run_address>0xffec</run_address>
         <size>0x2</size>
         <input_file_ref idref="fl-49"/>
      </object_component>
      <object_component id="oc-7e">
         <name>.int55</name>
         <load_address>0xffee</load_address>
         <run_address>0xffee</run_address>
         <size>0x2</size>
         <input_file_ref idref="fl-4a"/>
      </object_component>
      <object_component id="oc-7f">
         <name>.int56</name>
         <load_address>0xfff0</load_address>
         <run_address>0xfff0</run_address>
         <size>0x2</size>
         <input_file_ref idref="fl-4b"/>
      </object_component>
      <object_component id="oc-80">
         <name>.int57</name>
         <load_address>0xfff2</load_address>
         <run_address>0xfff2</run_address>
         <size>0x2</size>
         <input_file_ref idref="fl-4c"/>
      </object_component>
      <object_component id="oc-81">
         <name>.int58</name>
         <load_address>0xfff4</load_address>
         <run_address>0xfff4</run_address>
         <size>0x2</size>
         <input_file_ref idref="fl-4d"/>
      </object_component>
      <object_component id="oc-82">
         <name>.int59</name>
         <load_address>0xfff6</load_address>
         <run_address>0xfff6</run_address>
         <size>0x2</size>
         <input_file_ref idref="fl-4e"/>
      </object_component>
      <object_component id="oc-83">
         <name>.int60</name>
         <load_address>0xfff8</load_address>
         <run_address>0xfff8</run_address>
         <size>0x2</size>
         <input_file_ref idref="fl-4f"/>
      </object_component>
      <object_component id="oc-84">
         <name>.int61</name>
         <load_address>0xfffa</load_address>
         <run_address>0xfffa</run_address>
         <size>0x2</size>
         <input_file_ref idref="fl-50"/>
      </object_component>
      <object_component id="oc-85">
         <name>.int62</name>
         <load_address>0xfffc</load_address>
         <run_address>0xfffc</run_address>
         <size>0x2</size>
         <input_file_ref idref="fl-51"/>
      </object_component>
      <object_component id="oc-9b">
         <name>.reset</name>
         <load_address>0xfffe</load_address>
         <run_address>0xfffe</run_address>
         <size>0x2</size>
         <input_file_ref idref="fl-37"/>
      </object_component>
      <object_component id="oc-102">
         <name>.data</name>
         <load_address>0x32fe</load_address>
         <run_address>0x32fe</run_address>
         <size>0x24</size>
         <input_file_ref idref="fl-5"/>
      </object_component>
      <object_component id="oc-12b">
         <name>.data</name>
         <load_address>0x3322</load_address>
         <run_address>0x3322</run_address>
         <size>0xa</size>
         <input_file_ref idref="fl-6"/>
      </object_component>
      <object_component id="oc-15c">
         <name>.data</name>
         <load_address>0x3334</load_address>
         <run_address>0x3334</run_address>
         <size>0x5</size>
         <input_file_ref idref="fl-3"/>
      </object_component>
      <object_component id="oc-189">
         <name>.data</name>
         <load_address>0x332c</load_address>
         <run_address>0x332c</run_address>
         <size>0x8</size>
         <input_file_ref idref="fl-5c"/>
      </object_component>
      <object_component id="oc-2de">
         <name>.data:_ftable</name>
         <load_address>0x3182</load_address>
         <run_address>0x3182</run_address>
         <size>0xc8</size>
         <input_file_ref idref="fl-61"/>
      </object_component>
      <object_component id="oc-3a2">
         <name>.data:_stream</name>
         <load_address>0x32c2</load_address>
         <run_address>0x32c2</run_address>
         <size>0x3c</size>
         <input_file_ref idref="fl-65"/>
      </object_component>
      <object_component id="oc-3e6">
         <name>.data:_device</name>
         <load_address>0x324a</load_address>
         <run_address>0x324a</run_address>
         <size>0x78</size>
         <input_file_ref idref="fl-65"/>
      </object_component>
      <object_component id="oc-409">
         <name>.data</name>
         <load_address>0x333c</load_address>
         <run_address>0x333c</run_address>
         <size>0x2</size>
         <input_file_ref idref="fl-76"/>
      </object_component>
      <object_component id="oc-41c">
         <name>.data</name>
         <load_address>0x333a</load_address>
         <run_address>0x333a</run_address>
         <size>0x2</size>
         <input_file_ref idref="fl-61"/>
      </object_component>
      <object_component id="oc-74">
         <name>.debug_frame</name>
         <load_address>0x0</load_address>
         <run_address>0x0</run_address>
         <size>0x42</size>
         <input_file_ref idref="fl-37"/>
      </object_component>
      <object_component id="oc-8b">
         <name>.debug_frame</name>
         <load_address>0x42</load_address>
         <run_address>0x42</run_address>
         <size>0x47</size>
         <input_file_ref idref="fl-39"/>
      </object_component>
      <object_component id="oc-91">
         <name>.debug_frame</name>
         <load_address>0x89</load_address>
         <run_address>0x89</run_address>
         <size>0x47</size>
         <input_file_ref idref="fl-3b"/>
      </object_component>
      <object_component id="oc-93">
         <name>.debug_frame</name>
         <load_address>0xd0</load_address>
         <run_address>0xd0</run_address>
         <size>0x47</size>
         <input_file_ref idref="fl-3a"/>
      </object_component>
      <object_component id="oc-a8">
         <name>.debug_frame</name>
         <load_address>0x117</load_address>
         <run_address>0x117</run_address>
         <size>0x47</size>
         <input_file_ref idref="fl-5"/>
      </object_component>
      <object_component id="oc-ac">
         <name>.debug_frame</name>
         <load_address>0x15e</load_address>
         <run_address>0x15e</run_address>
         <size>0x54</size>
         <input_file_ref idref="fl-7"/>
      </object_component>
      <object_component id="oc-b1">
         <name>.debug_frame</name>
         <load_address>0x1b2</load_address>
         <run_address>0x1b2</run_address>
         <size>0x47</size>
         <input_file_ref idref="fl-6"/>
      </object_component>
      <object_component id="oc-b7">
         <name>.debug_frame</name>
         <load_address>0x1f9</load_address>
         <run_address>0x1f9</run_address>
         <size>0x47</size>
         <input_file_ref idref="fl-58"/>
      </object_component>
      <object_component id="oc-c1">
         <name>.debug_frame</name>
         <load_address>0x240</load_address>
         <run_address>0x240</run_address>
         <size>0x56</size>
         <input_file_ref idref="fl-60"/>
      </object_component>
      <object_component id="oc-c7">
         <name>.debug_frame</name>
         <load_address>0x296</load_address>
         <run_address>0x296</run_address>
         <size>0x54</size>
         <input_file_ref idref="fl-4"/>
      </object_component>
      <object_component id="oc-cb">
         <name>.debug_frame</name>
         <load_address>0x2ea</load_address>
         <run_address>0x2ea</run_address>
         <size>0x50</size>
         <input_file_ref idref="fl-3c"/>
      </object_component>
      <object_component id="oc-d0">
         <name>.debug_frame</name>
         <load_address>0x33a</load_address>
         <run_address>0x33a</run_address>
         <size>0x47</size>
         <input_file_ref idref="fl-6"/>
      </object_component>
      <object_component id="oc-d9">
         <name>.debug_frame</name>
         <load_address>0x381</load_address>
         <run_address>0x381</run_address>
         <size>0x47</size>
         <input_file_ref idref="fl-55"/>
      </object_component>
      <object_component id="oc-eb">
         <name>.debug_frame</name>
         <load_address>0x3c8</load_address>
         <run_address>0x3c8</run_address>
         <size>0x53</size>
         <input_file_ref idref="fl-3a"/>
      </object_component>
      <object_component id="oc-136">
         <name>.debug_frame</name>
         <load_address>0x41b</load_address>
         <run_address>0x41b</run_address>
         <size>0x47</size>
         <input_file_ref idref="fl-2"/>
      </object_component>
      <object_component id="oc-13c">
         <name>.debug_frame</name>
         <load_address>0x462</load_address>
         <run_address>0x462</run_address>
         <size>0x47</size>
         <input_file_ref idref="fl-2"/>
      </object_component>
      <object_component id="oc-140">
         <name>.debug_frame</name>
         <load_address>0x4a9</load_address>
         <run_address>0x4a9</run_address>
         <size>0x47</size>
         <input_file_ref idref="fl-6"/>
      </object_component>
      <object_component id="oc-149">
         <name>.debug_frame</name>
         <load_address>0x4f0</load_address>
         <run_address>0x4f0</run_address>
         <size>0x47</size>
         <input_file_ref idref="fl-3"/>
      </object_component>
      <object_component id="oc-14b">
         <name>.debug_frame</name>
         <load_address>0x537</load_address>
         <run_address>0x537</run_address>
         <size>0x47</size>
         <input_file_ref idref="fl-7"/>
      </object_component>
      <object_component id="oc-154">
         <name>.debug_frame</name>
         <load_address>0x57e</load_address>
         <run_address>0x57e</run_address>
         <size>0x48</size>
         <input_file_ref idref="fl-5"/>
      </object_component>
      <object_component id="oc-158">
         <name>.debug_frame</name>
         <load_address>0x5c6</load_address>
         <run_address>0x5c6</run_address>
         <size>0x47</size>
         <input_file_ref idref="fl-6"/>
      </object_component>
      <object_component id="oc-164">
         <name>.debug_frame</name>
         <load_address>0x60d</load_address>
         <run_address>0x60d</run_address>
         <size>0x47</size>
         <input_file_ref idref="fl-3"/>
      </object_component>
      <object_component id="oc-16e">
         <name>.debug_frame</name>
         <load_address>0x654</load_address>
         <run_address>0x654</run_address>
         <size>0x5e</size>
         <input_file_ref idref="fl-5"/>
      </object_component>
      <object_component id="oc-175">
         <name>.debug_frame</name>
         <load_address>0x6b2</load_address>
         <run_address>0x6b2</run_address>
         <size>0x47</size>
         <input_file_ref idref="fl-3"/>
      </object_component>
      <object_component id="oc-177">
         <name>.debug_frame</name>
         <load_address>0x6f9</load_address>
         <run_address>0x6f9</run_address>
         <size>0x56</size>
         <input_file_ref idref="fl-7"/>
      </object_component>
      <object_component id="oc-181">
         <name>.debug_frame</name>
         <load_address>0x74f</load_address>
         <run_address>0x74f</run_address>
         <size>0x4e</size>
         <input_file_ref idref="fl-3"/>
      </object_component>
      <object_component id="oc-194">
         <name>.debug_frame</name>
         <load_address>0x79d</load_address>
         <run_address>0x79d</run_address>
         <size>0x47</size>
         <input_file_ref idref="fl-3c"/>
      </object_component>
      <object_component id="oc-1cc">
         <name>.debug_frame</name>
         <load_address>0x7e4</load_address>
         <run_address>0x7e4</run_address>
         <size>0x47</size>
         <input_file_ref idref="fl-3"/>
      </object_component>
      <object_component id="oc-1cf">
         <name>.debug_frame</name>
         <load_address>0x82b</load_address>
         <run_address>0x82b</run_address>
         <size>0x47</size>
         <input_file_ref idref="fl-6"/>
      </object_component>
      <object_component id="oc-1df">
         <name>.debug_frame</name>
         <load_address>0x872</load_address>
         <run_address>0x872</run_address>
         <size>0x47</size>
         <input_file_ref idref="fl-6"/>
      </object_component>
      <object_component id="oc-1ee">
         <name>.debug_frame</name>
         <load_address>0x8b9</load_address>
         <run_address>0x8b9</run_address>
         <size>0x47</size>
         <input_file_ref idref="fl-3d"/>
      </object_component>
      <object_component id="oc-1f3">
         <name>.debug_frame</name>
         <load_address>0x900</load_address>
         <run_address>0x900</run_address>
         <size>0x54</size>
         <input_file_ref idref="fl-38"/>
      </object_component>
      <object_component id="oc-200">
         <name>.debug_frame</name>
         <load_address>0x954</load_address>
         <run_address>0x954</run_address>
         <size>0x4d</size>
         <input_file_ref idref="fl-5b"/>
      </object_component>
      <object_component id="oc-206">
         <name>.debug_frame</name>
         <load_address>0x9a1</load_address>
         <run_address>0x9a1</run_address>
         <size>0x61</size>
         <input_file_ref idref="fl-36"/>
      </object_component>
      <object_component id="oc-20d">
         <name>.debug_frame</name>
         <load_address>0xa02</load_address>
         <run_address>0xa02</run_address>
         <size>0x47</size>
         <input_file_ref idref="fl-3"/>
      </object_component>
      <object_component id="oc-213">
         <name>.debug_frame</name>
         <load_address>0xa49</load_address>
         <run_address>0xa49</run_address>
         <size>0x47</size>
         <input_file_ref idref="fl-3"/>
      </object_component>
      <object_component id="oc-217">
         <name>.debug_frame</name>
         <load_address>0xa90</load_address>
         <run_address>0xa90</run_address>
         <size>0x5a</size>
         <input_file_ref idref="fl-7"/>
      </object_component>
      <object_component id="oc-21d">
         <name>.debug_frame</name>
         <load_address>0xaea</load_address>
         <run_address>0xaea</run_address>
         <size>0x54</size>
         <input_file_ref idref="fl-7"/>
      </object_component>
      <object_component id="oc-223">
         <name>.debug_frame</name>
         <load_address>0xb3e</load_address>
         <run_address>0xb3e</run_address>
         <size>0x4d</size>
         <input_file_ref idref="fl-7"/>
      </object_component>
      <object_component id="oc-22a">
         <name>.debug_frame</name>
         <load_address>0xb8b</load_address>
         <run_address>0xb8b</run_address>
         <size>0x63</size>
         <input_file_ref idref="fl-7"/>
      </object_component>
      <object_component id="oc-236">
         <name>.debug_frame</name>
         <load_address>0xbee</load_address>
         <run_address>0xbee</run_address>
         <size>0x47</size>
         <input_file_ref idref="fl-3"/>
      </object_component>
      <object_component id="oc-239">
         <name>.debug_frame</name>
         <load_address>0xc35</load_address>
         <run_address>0xc35</run_address>
         <size>0x59</size>
         <input_file_ref idref="fl-7"/>
      </object_component>
      <object_component id="oc-245">
         <name>.debug_frame</name>
         <load_address>0xc8e</load_address>
         <run_address>0xc8e</run_address>
         <size>0x47</size>
         <input_file_ref idref="fl-5c"/>
      </object_component>
      <object_component id="oc-262">
         <name>.debug_frame</name>
         <load_address>0xcd5</load_address>
         <run_address>0xcd5</run_address>
         <size>0x50</size>
         <input_file_ref idref="fl-3e"/>
      </object_component>
      <object_component id="oc-275">
         <name>.debug_frame</name>
         <load_address>0xd25</load_address>
         <run_address>0xd25</run_address>
         <size>0x6a</size>
         <input_file_ref idref="fl-3f"/>
      </object_component>
      <object_component id="oc-27c">
         <name>.debug_frame</name>
         <load_address>0xd8f</load_address>
         <run_address>0xd8f</run_address>
         <size>0x47</size>
         <input_file_ref idref="fl-7"/>
      </object_component>
      <object_component id="oc-283">
         <name>.debug_frame</name>
         <load_address>0xdd6</load_address>
         <run_address>0xdd6</run_address>
         <size>0x56</size>
         <input_file_ref idref="fl-59"/>
      </object_component>
      <object_component id="oc-28a">
         <name>.debug_frame</name>
         <load_address>0xe2c</load_address>
         <run_address>0xe2c</run_address>
         <size>0x47</size>
         <input_file_ref idref="fl-7"/>
      </object_component>
      <object_component id="oc-291">
         <name>.debug_frame</name>
         <load_address>0xe73</load_address>
         <run_address>0xe73</run_address>
         <size>0x5a</size>
         <input_file_ref idref="fl-7"/>
      </object_component>
      <object_component id="oc-297">
         <name>.debug_frame</name>
         <load_address>0xecd</load_address>
         <run_address>0xecd</run_address>
         <size>0x47</size>
         <input_file_ref idref="fl-7"/>
      </object_component>
      <object_component id="oc-2a9">
         <name>.debug_frame</name>
         <load_address>0xf14</load_address>
         <run_address>0xf14</run_address>
         <size>0x56</size>
         <input_file_ref idref="fl-7"/>
      </object_component>
      <object_component id="oc-2ce">
         <name>.debug_frame</name>
         <load_address>0xf6a</load_address>
         <run_address>0xf6a</run_address>
         <size>0x5d</size>
         <input_file_ref idref="fl-5a"/>
      </object_component>
      <object_component id="oc-2e2">
         <name>.debug_frame</name>
         <load_address>0xfc7</load_address>
         <run_address>0xfc7</run_address>
         <size>0x47</size>
         <input_file_ref idref="fl-59"/>
      </object_component>
      <object_component id="oc-2ec">
         <name>.debug_frame</name>
         <load_address>0x100e</load_address>
         <run_address>0x100e</run_address>
         <size>0x47</size>
         <input_file_ref idref="fl-59"/>
      </object_component>
      <object_component id="oc-2f2">
         <name>.debug_frame</name>
         <load_address>0x1055</load_address>
         <run_address>0x1055</run_address>
         <size>0x66</size>
         <input_file_ref idref="fl-5d"/>
      </object_component>
      <object_component id="oc-2f8">
         <name>.debug_frame</name>
         <load_address>0x10bb</load_address>
         <run_address>0x10bb</run_address>
         <size>0x47</size>
         <input_file_ref idref="fl-7"/>
      </object_component>
      <object_component id="oc-313">
         <name>.debug_frame</name>
         <load_address>0x1102</load_address>
         <run_address>0x1102</run_address>
         <size>0x63</size>
         <input_file_ref idref="fl-64"/>
      </object_component>
      <object_component id="oc-317">
         <name>.debug_frame</name>
         <load_address>0x1165</load_address>
         <run_address>0x1165</run_address>
         <size>0x5d</size>
         <input_file_ref idref="fl-63"/>
      </object_component>
      <object_component id="oc-321">
         <name>.debug_frame</name>
         <load_address>0x11c2</load_address>
         <run_address>0x11c2</run_address>
         <size>0x47</size>
         <input_file_ref idref="fl-6b"/>
      </object_component>
      <object_component id="oc-327">
         <name>.debug_frame</name>
         <load_address>0x1209</load_address>
         <run_address>0x1209</run_address>
         <size>0x63</size>
         <input_file_ref idref="fl-5d"/>
      </object_component>
      <object_component id="oc-32d">
         <name>.debug_frame</name>
         <load_address>0x126c</load_address>
         <run_address>0x126c</run_address>
         <size>0x59</size>
         <input_file_ref idref="fl-5d"/>
      </object_component>
      <object_component id="oc-352">
         <name>.debug_frame</name>
         <load_address>0x12c5</load_address>
         <run_address>0x12c5</run_address>
         <size>0x50</size>
         <input_file_ref idref="fl-6f"/>
      </object_component>
      <object_component id="oc-35c">
         <name>.debug_frame</name>
         <load_address>0x1315</load_address>
         <run_address>0x1315</run_address>
         <size>0x47</size>
         <input_file_ref idref="fl-67"/>
      </object_component>
      <object_component id="oc-35e">
         <name>.debug_frame</name>
         <load_address>0x135c</load_address>
         <run_address>0x135c</run_address>
         <size>0x50</size>
         <input_file_ref idref="fl-71"/>
      </object_component>
      <object_component id="oc-366">
         <name>.debug_frame</name>
         <load_address>0x13ac</load_address>
         <run_address>0x13ac</run_address>
         <size>0x50</size>
         <input_file_ref idref="fl-65"/>
      </object_component>
      <object_component id="oc-374">
         <name>.debug_frame</name>
         <load_address>0x13fc</load_address>
         <run_address>0x13fc</run_address>
         <size>0x47</size>
         <input_file_ref idref="fl-68"/>
      </object_component>
      <object_component id="oc-37b">
         <name>.debug_frame</name>
         <load_address>0x1443</load_address>
         <run_address>0x1443</run_address>
         <size>0x53</size>
         <input_file_ref idref="fl-5d"/>
      </object_component>
      <object_component id="oc-381">
         <name>.debug_frame</name>
         <load_address>0x1496</load_address>
         <run_address>0x1496</run_address>
         <size>0x47</size>
         <input_file_ref idref="fl-66"/>
      </object_component>
      <object_component id="oc-395">
         <name>.debug_frame</name>
         <load_address>0x14dd</load_address>
         <run_address>0x14dd</run_address>
         <size>0x59</size>
         <input_file_ref idref="fl-72"/>
      </object_component>
      <object_component id="oc-39a">
         <name>.debug_frame</name>
         <load_address>0x1536</load_address>
         <run_address>0x1536</run_address>
         <size>0x5a</size>
         <input_file_ref idref="fl-73"/>
      </object_component>
      <object_component id="oc-3b4">
         <name>.debug_frame</name>
         <load_address>0x1590</load_address>
         <run_address>0x1590</run_address>
         <size>0x4d</size>
         <input_file_ref idref="fl-5d"/>
      </object_component>
      <object_component id="oc-3ba">
         <name>.debug_frame</name>
         <load_address>0x15dd</load_address>
         <run_address>0x15dd</run_address>
         <size>0x56</size>
         <input_file_ref idref="fl-5d"/>
      </object_component>
      <object_component id="oc-3c1">
         <name>.debug_frame</name>
         <load_address>0x1633</load_address>
         <run_address>0x1633</run_address>
         <size>0x53</size>
         <input_file_ref idref="fl-65"/>
      </object_component>
      <object_component id="oc-3ca">
         <name>.debug_frame</name>
         <load_address>0x1686</load_address>
         <run_address>0x1686</run_address>
         <size>0x51</size>
         <input_file_ref idref="fl-76"/>
      </object_component>
      <object_component id="oc-3d0">
         <name>.debug_frame</name>
         <load_address>0x16d7</load_address>
         <run_address>0x16d7</run_address>
         <size>0x54</size>
         <input_file_ref idref="fl-76"/>
      </object_component>
      <object_component id="oc-3d7">
         <name>.debug_frame</name>
         <load_address>0x172b</load_address>
         <run_address>0x172b</run_address>
         <size>0x53</size>
         <input_file_ref idref="fl-75"/>
      </object_component>
      <object_component id="oc-3ff">
         <name>.debug_frame</name>
         <load_address>0x177e</load_address>
         <run_address>0x177e</run_address>
         <size>0x4d</size>
         <input_file_ref idref="fl-5d"/>
      </object_component>
      <object_component id="oc-410">
         <name>.debug_frame</name>
         <load_address>0x17cb</load_address>
         <run_address>0x17cb</run_address>
         <size>0x47</size>
         <input_file_ref idref="fl-76"/>
      </object_component>
      <object_component id="oc-41a">
         <name>.debug_frame</name>
         <load_address>0x1812</load_address>
         <run_address>0x1812</run_address>
         <size>0x59</size>
         <input_file_ref idref="fl-77"/>
      </object_component>
      <object_component id="oc-427">
         <name>.debug_frame</name>
         <load_address>0x186b</load_address>
         <run_address>0x186b</run_address>
         <size>0x56</size>
         <input_file_ref idref="fl-6d"/>
      </object_component>
      <object_component id="oc-42d">
         <name>.debug_frame</name>
         <load_address>0x18c1</load_address>
         <run_address>0x18c1</run_address>
         <size>0x50</size>
         <input_file_ref idref="fl-6d"/>
      </object_component>
      <object_component id="oc-433">
         <name>.debug_frame</name>
         <load_address>0x1911</load_address>
         <run_address>0x1911</run_address>
         <size>0x56</size>
         <input_file_ref idref="fl-6d"/>
      </object_component>
      <object_component id="oc-435">
         <name>.debug_frame</name>
         <load_address>0x1967</load_address>
         <run_address>0x1967</run_address>
         <size>0x56</size>
[...]
         <object_component_ref idref="oc-216"/>
      </symbol>
      <symbol id="sm-53f">
         <name>uart_getc</name>
         <value>0x12540</value>
         <object_component_ref idref="oc-27b"/>
      </symbol>
      <symbol id="sm-540">
         <name>calc_8bit_mod_checksum</name>
         <value>0x12590</value>
         <object_component_ref idref="oc-289"/>
      </symbol>
      <symbol id="sm-541">
         <name>parse_burn_cmd_payload</name>
         <value>0x11496</value>
         <object_component_ref idref="oc-229"/>
      </symbol>
      <symbol id="sm-542">
         <name>init_uart</name>
         <value>0x11e2c</value>
         <object_component_ref idref="oc-14a"/>
      </symbol>
      <symbol id="sm-569">
         <name>__mspabi_addd</name>
         <value>0x10346</value>
         <object_component_ref idref="oc-201"/>
      </symbol>
      <symbol id="sm-57d">
         <name>__TI_cleanup_ptr</name>
         <value>0x3160</value>
      </symbol>
      <symbol id="sm-57e">
         <name>__TI_dtors_ptr</name>
         <value>0x3164</value>
      </symbol>
      <symbol id="sm-57f">
         <name>_c_int00</name>
         <value>0x44f4</value>
         <object_component_ref idref="oc-73"/>
      </symbol>
      <symbol id="sm-580">
         <name>_stack</name>
         <value>0x4360</value>
         <object_component_ref idref="oc-98"/>
      </symbol>
      <symbol id="sm-581">
         <name>_c_int00_noargs</name>
         <value>0x44f4</value>
         <object_component_ref idref="oc-73"/>
      </symbol>
      <symbol id="sm-582">
         <name>_reset_vector</name>
         <value>0xfffe</value>
         <object_component_ref idref="oc-9b"/>
      </symbol>
      <symbol id="sm-59f">
         <name>__mspabi_cmpd</name>
         <value>0x110ac</value>
         <object_component_ref idref="oc-1f2"/>
      </symbol>
      <symbol id="sm-5b5">
         <name>__TI_decompress_none</name>
         <value>0x12700</value>
         <object_component_ref idref="oc-86"/>
      </symbol>
      <symbol id="sm-5d7">
         <name>__TI_decompress_rle24</name>
         <value>0x127be</value>
         <object_component_ref idref="oc-92"/>
      </symbol>
      <symbol id="sm-5ea">
         <name>__TI_zero_init</name>
         <value>0x1256c</value>
         <object_component_ref idref="oc-8c"/>
      </symbol>
      <symbol id="sm-600">
         <name>C$$EXIT</name>
         <value>0x127d8</value>
         <object_component_ref idref="oc-192"/>
      </symbol>
      <symbol id="sm-601">
         <name>abort</name>
         <value>0x127d8</value>
         <object_component_ref idref="oc-192"/>
      </symbol>
      <symbol id="sm-602">
         <name>exit</name>
         <value>0x124b6</value>
         <object_component_ref idref="oc-c8"/>
      </symbol>
      <symbol id="sm-60e">
         <name>__mspabi_fltud</name>
         <value>0x127b2</value>
         <object_component_ref idref="oc-1ec"/>
      </symbol>
      <symbol id="sm-623">
         <name>__mspabi_fltuld</name>
         <value>0x1198e</value>
         <object_component_ref idref="oc-25e"/>
      </symbol>
      <symbol id="sm-644">
         <name>__TI_frcaddd</name>
         <value>0x108ce</value>
         <object_component_ref idref="oc-271"/>
      </symbol>
      <symbol id="sm-647">
         <name>__TI_int41</name>
         <value>0xffd2</value>
         <object_component_ref idref="oc-6a"/>
      </symbol>
      <symbol id="sm-64a">
         <name>__TI_int43</name>
         <value>0xffd6</value>
         <object_component_ref idref="oc-6c"/>
      </symbol>
      <symbol id="sm-64d">
         <name>__TI_int44</name>
         <value>0xffd8</value>
         <object_component_ref idref="oc-6d"/>
      </symbol>
      <symbol id="sm-650">
         <name>__TI_int45</name>
         <value>0xffda</value>
         <object_component_ref idref="oc-6e"/>
      </symbol>
      <symbol id="sm-653">
         <name>__TI_int47</name>
         <value>0xffde</value>
         <object_component_ref idref="oc-70"/>
      </symbol>
      <symbol id="sm-656">
         <name>__TI_int48</name>
         <value>0xffe0</value>
         <object_component_ref idref="oc-71"/>
      </symbol>
      <symbol id="sm-659">
         <name>__TI_int50</name>
         <value>0xffe4</value>
         <object_component_ref idref="oc-79"/>
      </symbol>
      <symbol id="sm-65c">
         <name>__TI_int51</name>
         <value>0xffe6</value>
         <object_component_ref idref="oc-7a"/>
      </symbol>
      <symbol id="sm-65f">
         <name>__TI_int53</name>
         <value>0xffea</value>
         <object_component_ref idref="oc-7c"/>
      </symbol>
      <symbol id="sm-662">
         <name>__TI_int54</name>
         <value>0xffec</value>
         <object_component_ref idref="oc-7d"/>
      </symbol>
      <symbol id="sm-665">
         <name>__TI_int55</name>
         <value>0xffee</value>
         <object_component_ref idref="oc-7e"/>
      </symbol>
      <symbol id="sm-668">
         <name>__TI_int56</name>
         <value>0xfff0</value>
         <object_component_ref idref="oc-7f"/>
      </symbol>
      <symbol id="sm-66b">
         <name>__TI_int57</name>
         <value>0xfff2</value>
         <object_component_ref idref="oc-80"/>
      </symbol>
      <symbol id="sm-66e">
         <name>__TI_int58</name>
         <value>0xfff4</value>
         <object_component_ref idref="oc-81"/>
      </symbol>
      <symbol id="sm-671">
         <name>__TI_int59</name>
         <value>0xfff6</value>
         <object_component_ref idref="oc-82"/>
      </symbol>
      <symbol id="sm-674">
         <name>__TI_int60</name>
         <value>0xfff8</value>
         <object_component_ref idref="oc-83"/>
      </symbol>
      <symbol id="sm-677">
         <name>__TI_int61</name>
         <value>0xfffa</value>
         <object_component_ref idref="oc-84"/>
      </symbol>
      <symbol id="sm-67a">
         <name>__TI_int62</name>
         <value>0xfffc</value>
         <object_component_ref idref="oc-85"/>
      </symbol>
      <symbol id="sm-682">
         <name>__TI_ISR_TRAP</name>
         <value>0x127ac</value>
         <object_component_ref idref="oc-9f"/>
      </symbol>
      <symbol id="sm-692">
         <name>__mspabi_slll_9</name>
         <value>0x1223e</value>
         <object_component_ref idref="oc-29d"/>
      </symbol>
      <symbol id="sm-693">
         <name>__mspabi_slll_8</name>
         <value>0x12242</value>
         <object_component_ref idref="oc-29d"/>
      </symbol>
      <symbol id="sm-694">
         <name>__mspabi_slll_7</name>
         <value>0x12246</value>
         <object_component_ref idref="oc-29d"/>
      </symbol>
      <symbol id="sm-695">
         <name>__mspabi_slll_6</name>
         <value>0x1224a</value>
         <object_component_ref idref="oc-29d"/>
      </symbol>
      <symbol id="sm-696">
         <name>__mspabi_slll_5</name>
         <value>0x1224e</value>
         <object_component_ref idref="oc-29d"/>
      </symbol>
      <symbol id="sm-697">
         <name>__mspabi_slll_4</name>
         <value>0x12252</value>
         <object_component_ref idref="oc-29d"/>
      </symbol>
      <symbol id="sm-698">
         <name>__mspabi_slll_3</name>
         <value>0x12256</value>
         <object_component_ref idref="oc-29d"/>
      </symbol>
      <symbol id="sm-699">
         <name>__mspabi_slll_2</name>
         <value>0x1225a</value>
         <object_component_ref idref="oc-29d"/>
      </symbol>
      <symbol id="sm-69a">
         <name>__mspabi_slll_1</name>
         <value>0x1225e</value>
         <object_component_ref idref="oc-29d"/>
      </symbol>
      <symbol id="sm-69b">
         <name>__mspabi_slll</name>
         <value>0x12746</value>
         <object_component_ref idref="oc-2bb"/>
      </symbol>
      <symbol id="sm-69c">
         <name>__mspabi_slll_15</name>
         <value>0x12226</value>
         <object_component_ref idref="oc-29d"/>
      </symbol>
      <symbol id="sm-69d">
         <name>__mspabi_slll_14</name>
         <value>0x1222a</value>
         <object_component_ref idref="oc-29d"/>
      </symbol>
      <symbol id="sm-69e">
         <name>__mspabi_slll_13</name>
         <value>0x1222e</value>
         <object_component_ref idref="oc-29d"/>
      </symbol>
      <symbol id="sm-69f">
         <name>__mspabi_slll_12</name>
         <value>0x12232</value>
         <object_component_ref idref="oc-29d"/>
      </symbol>
      <symbol id="sm-6a0">
         <name>__mspabi_slll_11</name>
         <value>0x12236</value>
         <object_component_ref idref="oc-29d"/>
      </symbol>
      <symbol id="sm-6a1">
         <name>__mspabi_slll_10</name>
         <value>0x1223a</value>
         <object_component_ref idref="oc-29d"/>
      </symbol>
      <symbol id="sm-6b1">
         <name>__mspabi_srll_8</name>
         <value>0x12280</value>
         <object_component_ref idref="oc-2a2"/>
      </symbol>
      <symbol id="sm-6b2">
         <name>__mspabi_srll_9</name>
         <value>0x1227c</value>
         <object_component_ref idref="oc-2a2"/>
      </symbol>
      <symbol id="sm-6b3">
         <name>__mspabi_srll_6</name>
         <value>0x12288</value>
         <object_component_ref idref="oc-2a2"/>
      </symbol>
      <symbol id="sm-6b4">
         <name>__mspabi_srll_7</name>
         <value>0x12284</value>
         <object_component_ref idref="oc-2a2"/>
      </symbol>
      <symbol id="sm-6b5">
         <name>__mspabi_srll_4</name>
         <value>0x12290</value>
         <object_component_ref idref="oc-2a2"/>
      </symbol>
      <symbol id="sm-6b6">
         <name>__mspabi_srll_5</name>
         <value>0x1228c</value>
         <object_component_ref idref="oc-2a2"/>
      </symbol>
      <symbol id="sm-6b7">
         <name>__mspabi_srll_2</name>
         <value>0x12298</value>
         <object_component_ref idref="oc-2a2"/>
      </symbol>
      <symbol id="sm-6b8">
         <name>__mspabi_srll_3</name>
         <value>0x12294</value>
         <object_component_ref idref="oc-2a2"/>
      </symbol>
      <symbol id="sm-6b9">
         <name>__mspabi_srll_1</name>
         <value>0x1229c</value>
         <object_component_ref idref="oc-2a2"/>
      </symbol>
      <symbol id="sm-6ba">
         <name>__mspabi_srll_15</name>
         <value>0x12264</value>
         <object_component_ref idref="oc-2a2"/>
      </symbol>
      <symbol id="sm-6bb">
         <name>__mspabi_srll_14</name>
         <value>0x12268</value>
         <object_component_ref idref="oc-2a2"/>
      </symbol>
      <symbol id="sm-6bc">
         <name>__mspabi_srll_13</name>
         <value>0x1226c</value>
         <object_component_ref idref="oc-2a2"/>
      </symbol>
      <symbol id="sm-6bd">
         <name>__mspabi_srll_12</name>
         <value>0x12270</value>
         <object_component_ref idref="oc-2a2"/>
      </symbol>
      <symbol id="sm-6be">
         <name>__mspabi_srll_11</name>
         <value>0x12274</value>
         <object_component_ref idref="oc-2a2"/>
      </symbol>
      <symbol id="sm-6bf">
         <name>__mspabi_srll_10</name>
         <value>0x12278</value>
         <object_component_ref idref="oc-2a2"/>
      </symbol>
      <symbol id="sm-6c0">
         <name>__mspabi_srll</name>
         <value>0x12756</value>
         <object_component_ref idref="oc-2c0"/>
      </symbol>
      <symbol id="sm-6d3">
         <name>memcpy</name>
         <value>0x126ec</value>
         <object_component_ref idref="oc-d5"/>
      </symbol>
      <symbol id="sm-6dc">
         <name>__mspabi_mpyi_f5hw</name>
         <value>0x126d6</value>
         <object_component_ref idref="oc-165"/>
      </symbol>
      <symbol id="sm-6e5">
         <name>_system_pre_init</name>
         <value>0x127d4</value>
         <object_component_ref idref="oc-b6"/>
      </symbol>
      <symbol id="sm-708">
         <name>printf</name>
         <value>0x1208e</value>
         <object_component_ref idref="oc-282"/>
      </symbol>
      <symbol id="sm-71c">
         <name>__TI_renormd</name>
         <value>0x113e4</value>
         <object_component_ref idref="oc-2ca"/>
      </symbol>
      <symbol id="sm-728">
         <name>__mspabi_subd</name>
         <value>0x123f0</value>
         <object_component_ref idref="oc-1fb"/>
      </symbol>
      <symbol id="sm-739">
         <name>_nop</name>
         <value>0x127dc</value>
         <object_component_ref idref="oc-240"/>
      </symbol>
      <symbol id="sm-73a">
         <name>_lock</name>
         <value>0x332c</value>
         <object_component_ref idref="oc-189"/>
      </symbol>
      <symbol id="sm-73b">
         <name>_unlock</name>
         <value>0x3330</value>
         <object_component_ref idref="oc-189"/>
      </symbol>
      <symbol id="sm-7a8">
         <name>__TI_printfi_minimal</name>
         <value>0x11258</value>
         <object_component_ref idref="oc-2ed"/>
      </symbol>
      <symbol id="sm-7b3">
         <name>__mspabi_sral</name>
         <value>0x12736</value>
         <object_component_ref idref="oc-2c5"/>
      </symbol>
      <symbol id="sm-7ca">
         <name>_auto_init_hold_wdt</name>
         <value>0x11b56</value>
         <object_component_ref idref="oc-bc"/>
      </symbol>
      <symbol id="sm-7da">
         <name>__TI_tmpnams</name>
         <value>0x2fb8</value>
      </symbol>
      <symbol id="sm-7db">
         <name>_ftable</name>
         <value>0x3182</value>
         <object_component_ref idref="oc-2de"/>
      </symbol>
      <symbol id="sm-7dc">
         <name>__TI_ft_end</name>
         <value>0x333a</value>
         <object_component_ref idref="oc-41c"/>
      </symbol>
      <symbol id="sm-7e6">
         <name>__mspabi_remu</name>
         <value>0x126c0</value>
         <object_component_ref idref="oc-44e"/>
      </symbol>
      <symbol id="sm-7e7">
         <name>__mspabi_divu</name>
         <value>0x126c0</value>
         <object_component_ref idref="oc-44e"/>
      </symbol>
      <symbol id="sm-7fa">
         <name>fputc</name>
         <value>0x11676</value>
         <object_component_ref idref="oc-315"/>
      </symbol>
      <symbol id="sm-812">
         <name>fputs</name>
         <value>0x10edc</value>
         <object_component_ref idref="oc-30e"/>
      </symbol>
      <symbol id="sm-86a">
         <name>lseek</name>
         <value>0x122a2</value>
         <object_component_ref idref="oc-3be"/>
      </symbol>
      <symbol id="sm-86b">
         <name>write</name>
         <value>0x122e0</value>
         <object_component_ref idref="oc-363"/>
      </symbol>
      <symbol id="sm-86c">
         <name>close</name>
         <value>0x11ee8</value>
         <object_component_ref idref="oc-45c"/>
      </symbol>
      <symbol id="sm-86d">
         <name>unlink</name>
         <value>0x12486</value>
         <object_component_ref idref="oc-463"/>
      </symbol>
      <symbol id="sm-87c">
         <name>memccpy</name>
         <value>0x125b0</value>
         <object_component_ref idref="oc-37c"/>
      </symbol>
      <symbol id="sm-88b">
         <name>memchr</name>
         <value>0x12694</value>
         <object_component_ref idref="oc-357"/>
      </symbol>
      <symbol id="sm-899">
         <name>memset</name>
         <value>0x126aa</value>
         <object_component_ref idref="oc-36f"/>
      </symbol>
      <symbol id="sm-8a8">
         <name>strchr</name>
         <value>0x1267a</value>
         <object_component_ref idref="oc-4d1"/>
      </symbol>
      <symbol id="sm-8b6">
         <name>strcmp</name>
         <value>0x1260c</value>
         <object_component_ref idref="oc-4ee"/>
      </symbol>
      <symbol id="sm-8c3">
         <name>strlen</name>
         <value>0x1279e</value>
         <object_component_ref idref="oc-31c"/>
      </symbol>
      <symbol id="sm-8d3">
         <name>strncpy</name>
         <value>0x12454</value>
         <object_component_ref idref="oc-4d7"/>
      </symbol>
      <symbol id="sm-90e">
         <name>HOSTrename</name>
         <value>0x11a04</value>
         <object_component_ref idref="oc-446"/>
      </symbol>
      <symbol id="sm-90f">
         <name>HOSTclose</name>
         <value>0x11ff6</value>
         <object_component_ref idref="oc-428"/>
      </symbol>
      <symbol id="sm-910">
         <name>HOSTunlink</name>
         <value>0x12120</value>
         <object_component_ref idref="oc-440"/>
      </symbol>
      <symbol id="sm-911">
         <name>HOSTlseek</name>
         <value>0x11544</value>
         <object_component_ref idref="oc-43a"/>
      </symbol>
      <symbol id="sm-912">
         <name>HOSTopen</name>
         <value>0x11ae8</value>
         <object_component_ref idref="oc-422"/>
      </symbol>
      <symbol id="sm-913">
         <name>HOSTwrite</name>
         <value>0x11bc4</value>
         <object_component_ref idref="oc-434"/>
      </symbol>
      <symbol id="sm-914">
         <name>HOSTread</name>
         <value>0x11c98</value>
         <object_component_ref idref="oc-42e"/>
      </symbol>
      <symbol id="sm-932">
         <name>__TI_readmsg</name>
         <value>0x123be</value>
         <object_component_ref idref="oc-47b"/>
      </symbol>
      <symbol id="sm-933">
         <name>C$$IO$$</name>
         <value>0x12384</value>
         <object_component_ref idref="oc-474"/>
      </symbol>
      <symbol id="sm-934">
         <name>_CIOBUF_</name>
         <value>0x333e</value>
         <object_component_ref idref="oc-4c9"/>
      </symbol>
      <symbol id="sm-935">
         <name>__TI_writemsg</name>
         <value>0x12352</value>
         <object_component_ref idref="oc-474"/>
      </symbol>
      <symbol id="sm-94d">
         <name>__TI_wrt_ok</name>
         <value>0x11898</value>
         <object_component_ref idref="oc-351"/>
      </symbol>
      <symbol id="sm-95f">
         <name>__TI_doflush</name>
         <value>0x11d66</value>
         <object_component_ref idref="oc-35d"/>
      </symbol>
      <symbol id="sm-96f">
         <name>fseek</name>
         <value>0x11c2e</value>
         <object_component_ref idref="oc-390"/>
      </symbol>
      <symbol id="sm-987">
         <name>setvbuf</name>
         <value>0x10fcc</value>
         <object_component_ref idref="oc-396"/>
      </symbol>
      <symbol id="sm-994">
         <name>strcpy</name>
         <value>0x12712</value>
         <object_component_ref idref="oc-4b1"/>
      </symbol>
      <symbol id="sm-9a0">
         <name>__TI_cleanup</name>
         <value>0x1231c</value>
         <object_component_ref idref="oc-3d2"/>
      </symbol>
      <symbol id="sm-9eb">
         <name>_sys_memory</name>
         <value>0x3460</value>
         <object_component_ref idref="oc-9c"/>
      </symbol>
      <symbol id="sm-9ec">
         <name>free</name>
         <value>0x11706</value>
         <object_component_ref idref="oc-3c6"/>
      </symbol>
      <symbol id="sm-9ed">
         <name>malloc</name>
         <value>0x1132a</value>
         <object_component_ref idref="oc-3cc"/>
      </symbol>
      <symbol id="sm-9ee">
         <name>minit</name>
         <value>0x12166</value>
         <object_component_ref idref="oc-40c"/>
      </symbol>
      <symbol id="sm-9ff">
         <name>__TI_closefile</name>
         <value>0x11a78</value>
         <object_component_ref idref="oc-416"/>
      </symbol>
      <symbol id="sm-a01">
         <name>__TI_exit</name>
         <value>0x1</value>
      </symbol>
      <symbol id="sm-a02">
         <name>__TI_args_main</name>
         <value>0x1</value>
      </symbol>
      <symbol id="sm-a03">
         <name>__TI_INITARRAY_Base</name>
         <value>0x0</value>
      </symbol>
      <symbol id="sm-a04">
         <name>__TI_INITARRAY_Limit</name>
         <value>0x0</value>
      </symbol>
      <symbol id="sm-a07">
         <name>remove</name>
         <value>0x12486</value>
      </symbol>
   </symbol_table>
   <title>Link successful</title>
</link_info>
