<?xml version="1.0"?>
<link_info>
   <banner>MSP430 Linker PC v4.3.3</banner>
   <copyright>Copyright (c) 2003-2014 Texas Instruments Incorporated</copyright>
   <link_time>0x552f5828</link_time>
   <link_errors>0x0</link_errors>
   <output_file>Laser_Engraver.out</output_file>
   <entry_point>
      <name>_c_int00</name>
      <address>0x4514</address>
   </entry_point>
   <input_file_list>
      <input_file id="fl-2">
         <path>.\</path>
         <kind>object</kind>
         <file>debug.obj</file>
         <name>debug.obj</name>
      </input_file>
      <input_file id="fl-3">
         <path>.\</path>
         <kind>object</kind>
         <file>laser_driver.obj</file>
         <name>laser_driver.obj</name>
      </input_file>
      <input_file id="fl-4">
         <path>.\</path>
         <kind>object</kind>
         <file>main.obj</file>
         <name>main.obj</name>
      </input_file>
      <input_file id="fl-5">
         <path>.\</path>
         <kind>object</kind>
         <file>motors.obj</file>
         <name>motors.obj</name>
      </input_file>
      <input_file id="fl-6">
         <path>.\</path>
         <kind>object</kind>
         <file>time.obj</file>
         <name>time.obj</name>
      </input_file>
      <input_file id="fl-7">
         <path>.\</path>
         <kind>object</kind>
         <file>uart_fifo.obj</file>
         <name>uart_fifo.obj</name>
      </input_file>
      <input_file id="fl-36">
         <path>C:\ti\ccsv6\tools\compiler\msp430_4.3.3\lib\</path>
         <kind>archive</kind>
         <file>rts430x_lc_rd_eabi.lib</file>
         <name>addd.obj</name>
      </input_file>
      <input_file id="fl-37">
         <path>C:\ti\ccsv6\tools\compiler\msp430_4.3.3\lib\</path>
         <kind>archive</kind>
         <file>rts430x_lc_rd_eabi.lib</file>
         <name>boot.obj</name>
      </input_file>
      <input_file id="fl-38">
         <path>C:\ti\ccsv6\tools\compiler\msp430_4.3.3\lib\</path>
         <kind>archive</kind>
         <file>rts430x_lc_rd_eabi.lib</file>
         <name>cmpd.obj</name>
      </input_file>
      <input_file id="fl-39">
         <path>C:\ti\ccsv6\tools\compiler\msp430_4.3.3\lib\</path>
         <kind>archive</kind>
         <file>rts430x_lc_rd_eabi.lib</file>
         <name>copy_decompress_none.obj</name>
      </input_file>
      <input_file id="fl-3a">
         <path>C:\ti\ccsv6\tools\compiler\msp430_4.3.3\lib\</path>
         <kind>archive</kind>
         <file>rts430x_lc_rd_eabi.lib</file>
         <name>copy_decompress_rle.obj</name>
      </input_file>
      <input_file id="fl-3b">
         <path>C:\ti\ccsv6\tools\compiler\msp430_4.3.3\lib\</path>
         <kind>archive</kind>
         <file>rts430x_lc_rd_eabi.lib</file>
         <name>copy_zero_init.obj</name>
      </input_file>
      <input_file id="fl-3c">
         <path>C:\ti\ccsv6\tools\compiler\msp430_4.3.3\lib\</path>
         <kind>archive</kind>
         <file>rts430x_lc_rd_eabi.lib</file>
         <name>div16u.obj</name>
      </input_file>
      <input_file id="fl-3d">
         <path>C:\ti\ccsv6\tools\compiler\msp430_4.3.3\lib\</path>
         <kind>archive</kind>
         <file>rts430x_lc_rd_eabi.lib</file>
         <name>exit.obj</name>
      </input_file>
      <input_file id="fl-3e">
         <path>C:\ti\ccsv6\tools\compiler\msp430_4.3.3\lib\</path>
         <kind>archive</kind>
         <file>rts430x_lc_rd_eabi.lib</file>
         <name>fixdu.obj</name>
      </input_file>
      <input_file id="fl-3f">
         <path>C:\ti\ccsv6\tools\compiler\msp430_4.3.3\lib\</path>
         <kind>archive</kind>
         <file>rts430x_lc_rd_eabi.lib</file>
         <name>fixdul.obj</name>
      </input_file>
      <input_file id="fl-40">
         <path>C:\ti\ccsv6\tools\compiler\msp430_4.3.3\lib\</path>
         <kind>archive</kind>
         <file>rts430x_lc_rd_eabi.lib</file>
         <name>fltud.obj</name>
      </input_file>
      <input_file id="fl-41">
         <path>C:\ti\ccsv6\tools\compiler\msp430_4.3.3\lib\</path>
         <kind>archive</kind>
         <file>rts430x_lc_rd_eabi.lib</file>
         <name>fltuld.obj</name>
      </input_file>
      <input_file id="fl-42">
         <path>C:\ti\ccsv6\tools\compiler\msp430_4.3.3\lib\</path>
         <kind>archive</kind>
         <file>rts430x_lc_rd_eabi.lib</file>
         <name>frcaddd.obj</name>
      </input_file>
      <input_file id="fl-43">
         <path>C:\ti\ccsv6\tools\compiler\msp430_4.3.3\lib\</path>
         <kind>archive</kind>
         <file>rts430x_lc_rd_eabi.lib</file>
         <name>int41.obj</name>
      </input_file>
      <input_file id="fl-44">
         <path>C:\ti\ccsv6\tools\compiler\msp430_4.3.3\lib\</path>
         <kind>archive</kind>
         <file>rts430x_lc_rd_eabi.lib</file>
         <name>int43.obj</name>
      </input_file>
      <input_file id="fl-45">
         <path>C:\ti\ccsv6\tools\compiler\msp430_4.3.3\lib\</path>
         <kind>archive</kind>
         <file>rts430x_lc_rd_eabi.lib</file>
         <name>int44.obj</name>
      </input_file>
      <input_file id="fl-46">
         <path>C:\ti\ccsv6\tools\compiler\msp430_4.3.3\lib\</path>
         <kind>archive</kind>
         <file>rts430x_lc_rd_eabi.lib</file>
         <name>int45.obj</name>
      </input_file>
      <input_file id="fl-47">
         <path>C:\ti\ccsv6\tools\compiler\msp430_4.3.3\lib\</path>
         <kind>archive</kind>
         <file>rts430x_lc_rd_eabi.lib</file>
         <name>int47.obj</name>
      </input_file>
      <input_file id="fl-48">
         <path>C:\ti\ccsv6\tools\compiler\msp430_4.3.3\lib\</path>
         <kind>archive</kind>
         <file>rts430x_lc_rd_eabi.lib</file>
         <name>int48.obj</name>
      </input_file>
      <input_file id="fl-49">
         <path>C:\ti\ccsv6\tools\compiler\msp430_4.3.3\lib\</path>
         <kind>archive</kind>
         <file>rts430x_lc_rd_eabi.lib</file>
         <name>int50.obj</name>
      </input_file>
      <input_file id="fl-4a">
         <path>C:\ti\ccsv6\tools\compiler\msp430_4.3.3\lib\</path>
         <kind>archive</kind>
         <file>rts430x_lc_rd_eabi.lib</file>
         <name>int51.obj</name>
      </input_file>
      <input_file id="fl-4b">
         <path>C:\ti\ccsv6\tools\compiler\msp430_4.3.3\lib\</path>
         <kind>archive</kind>
         <file>rts430x_lc_rd_eabi.lib</file>
         <name>int53.obj</name>
      </input_file>
      <input_file id="fl-4c">
         <path>C:\ti\ccsv6\tools\compiler\msp430_4.3.3\lib\</path>
         <kind>archive</kind>
         <file>rts430x_lc_rd_eabi.lib</file>
         <name>int54.obj</name>
      </input_file>
      <input_file id="fl-4d">
         <path>C:\ti\ccsv6\tools\compiler\msp430_4.3.3\lib\</path>
         <kind>archive</kind>
         <file>rts430x_lc_rd_eabi.lib</file>
         <name>int55.obj</name>
      </input_file>
      <input_file id="fl-4e">
         <path>C:\ti\ccsv6\tools\compiler\msp430_4.3.3\lib\</path>
         <kind>archive</kind>
         <file>rts430x_lc_rd_eabi.lib</file>
         <name>int56.obj</name>
      </input_file>
      <input_file id="fl-4f">
         <path>C:\ti\ccsv6\tools\compiler\msp430_4.3.3\lib\</path>
         <kind>archive</kind>
         <file>rts430x_lc_rd_eabi.lib</file>
         <name>int57.obj</name>
      </input_file>
      <input_file id="fl-50">
         <path>C:\ti\ccsv6\tools\compiler\msp430_4.3.3\lib\</path>
         <kind>archive</kind>
         <file>rts430x_lc_rd_eabi.lib</file>
         <name>int58.obj</name>
      </input_file>
      <input_file id="fl-51">
         <path>C:\ti\ccsv6\tools\compiler\msp430_4.3.3\lib\</path>
         <kind>archive</kind>
         <file>rts430x_lc_rd_eabi.lib</file>
         <name>int59.obj</name>
      </input_file>
      <input_file id="fl-52">
         <path>C:\ti\ccsv6\tools\compiler\msp430_4.3.3\lib\</path>
         <kind>archive</kind>
         <file>rts430x_lc_rd_eabi.lib</file>
         <name>int60.obj</name>
      </input_file>
      <input_file id="fl-53">
         <path>C:\ti\ccsv6\tools\compiler\msp430_4.3.3\lib\</path>
         <kind>archive</kind>
         <file>rts430x_lc_rd_eabi.lib</file>
         <name>int61.obj</name>
      </input_file>
      <input_file id="fl-54">
         <path>C:\ti\ccsv6\tools\compiler\msp430_4.3.3\lib\</path>
         <kind>archive</kind>
         <file>rts430x_lc_rd_eabi.lib</file>
         <name>int62.obj</name>
      </input_file>
      <input_file id="fl-55">
         <path>C:\ti\ccsv6\tools\compiler\msp430_4.3.3\lib\</path>
         <kind>archive</kind>
         <file>rts430x_lc_rd_eabi.lib</file>
         <name>isr_trap.obj</name>
      </input_file>
      <input_file id="fl-56">
         <path>C:\ti\ccsv6\tools\compiler\msp430_4.3.3\lib\</path>
         <kind>archive</kind>
         <file>rts430x_lc_rd_eabi.lib</file>
         <name>lsl32.obj</name>
      </input_file>
      <input_file id="fl-57">
         <path>C:\ti\ccsv6\tools\compiler\msp430_4.3.3\lib\</path>
         <kind>archive</kind>
         <file>rts430x_lc_rd_eabi.lib</file>
         <name>lsr32.obj</name>
      </input_file>
      <input_file id="fl-58">
         <path>C:\ti\ccsv6\tools\compiler\msp430_4.3.3\lib\</path>
         <kind>archive</kind>
         <file>rts430x_lc_rd_eabi.lib</file>
         <name>memcpy.obj</name>
      </input_file>
      <input_file id="fl-59">
         <path>C:\ti\ccsv6\tools\compiler\msp430_4.3.3\lib\</path>
         <kind>archive</kind>
         <file>rts430x_lc_rd_eabi.lib</file>
         <name>mpu_init.obj</name>
      </input_file>
      <input_file id="fl-5a">
         <path>C:\ti\ccsv6\tools\compiler\msp430_4.3.3\lib\</path>
         <kind>archive</kind>
         <file>rts430x_lc_rd_eabi.lib</file>
         <name>mpyd.obj</name>
      </input_file>
      <input_file id="fl-5b">
         <path>C:\ti\ccsv6\tools\compiler\msp430_4.3.3\lib\</path>
         <kind>archive</kind>
         <file>rts430x_lc_rd_eabi.lib</file>
         <name>mult16_f5hw.obj</name>
      </input_file>
      <input_file id="fl-5c">
         <path>C:\ti\ccsv6\tools\compiler\msp430_4.3.3\lib\</path>
         <kind>archive</kind>
         <file>rts430x_lc_rd_eabi.lib</file>
         <name>pre_init.obj</name>
      </input_file>
      <input_file id="fl-5d">
         <path>C:\ti\ccsv6\tools\compiler\msp430_4.3.3\lib\</path>
         <kind>archive</kind>
         <file>rts430x_lc_rd_eabi.lib</file>
         <name>printf.obj</name>
      </input_file>
      <input_file id="fl-5e">
         <path>C:\ti\ccsv6\tools\compiler\msp430_4.3.3\lib\</path>
         <kind>archive</kind>
         <file>rts430x_lc_rd_eabi.lib</file>
         <name>renormd.obj</name>
      </input_file>
      <input_file id="fl-5f">
         <path>C:\ti\ccsv6\tools\compiler\msp430_4.3.3\lib\</path>
         <kind>archive</kind>
         <file>rts430x_lc_rd_eabi.lib</file>
         <name>subd.obj</name>
      </input_file>
      <input_file id="fl-60">
         <path>C:\ti\ccsv6\tools\compiler\msp430_4.3.3\lib\</path>
         <kind>archive</kind>
         <file>rts430x_lc_rd_eabi.lib</file>
         <name>_lock.obj</name>
      </input_file>
      <input_file id="fl-61">
         <path>C:\ti\ccsv6\tools\compiler\msp430_4.3.3\lib\</path>
         <kind>archive</kind>
         <file>rts430x_lc_rd_eabi.lib</file>
         <name>_printfi_min.obj</name>
      </input_file>
      <input_file id="fl-62">
         <path>C:\ti\ccsv6\tools\compiler\msp430_4.3.3\lib\</path>
         <kind>archive</kind>
         <file>rts430x_lc_rd_eabi.lib</file>
         <name>args_main.obj</name>
      </input_file>
      <input_file id="fl-63">
         <path>C:\ti\ccsv6\tools\compiler\msp430_4.3.3\lib\</path>
         <kind>archive</kind>
         <file>rts430x_lc_rd_eabi.lib</file>
         <name>asr32.obj</name>
      </input_file>
      <input_file id="fl-64">
         <path>C:\ti\ccsv6\tools\compiler\msp430_4.3.3\lib\</path>
         <kind>archive</kind>
         <file>rts430x_lc_rd_eabi.lib</file>
         <name>autoinit.obj</name>
      </input_file>
      <input_file id="fl-65">
         <path>C:\ti\ccsv6\tools\compiler\msp430_4.3.3\lib\</path>
         <kind>archive</kind>
         <file>rts430x_lc_rd_eabi.lib</file>
         <name>defs.obj</name>
      </input_file>
      <input_file id="fl-66">
         <path>C:\ti\ccsv6\tools\compiler\msp430_4.3.3\lib\</path>
         <kind>archive</kind>
         <file>rts430x_lc_rd_eabi.lib</file>
         <name>fputc.obj</name>
      </input_file>
      <input_file id="fl-67">
         <path>C:\ti\ccsv6\tools\compiler\msp430_4.3.3\lib\</path>
         <kind>archive</kind>
         <file>rts430x_lc_rd_eabi.lib</file>
         <name>fputs.obj</name>
      </input_file>
      <input_file id="fl-68">
         <path>C:\ti\ccsv6\tools\compiler\msp430_4.3.3\lib\</path>
         <kind>archive</kind>
         <file>rts430x_lc_rd_eabi.lib</file>
         <name>frcmpyd.obj</name>
      </input_file>
      <input_file id="fl-69">
         <path>C:\ti\ccsv6\tools\compiler\msp430_4.3.3\lib\</path>
         <kind>archive</kind>
         <file>rts430x_lc_rd_eabi.lib</file>
         <name>lowlev.obj</name>
      </input_file>
      <input_file id="fl-6a">
         <path>C:\ti\ccsv6\tools\compiler\msp430_4.3.3\lib\</path>
         <kind>archive</kind>
         <file>rts430x_lc_rd_eabi.lib</file>
         <name>memccpy.obj</name>
      </input_file>
      <input_file id="fl-6b">
         <path>C:\ti\ccsv6\tools\compiler\msp430_4.3.3\lib\</path>
         <kind>archive</kind>
         <file>rts430x_lc_rd_eabi.lib</file>
         <name>memchr.obj</name>
      </input_file>
      <input_file id="fl-6c">
         <path>C:\ti\ccsv6\tools\compiler\msp430_4.3.3\lib\</path>
         <kind>archive</kind>
         <file>rts430x_lc_rd_eabi.lib</file>
         <name>memset.obj</name>
      </input_file>
      <input_file id="fl-6d">
         <path>C:\ti\ccsv6\tools\compiler\msp430_4.3.3\lib\</path>
         <kind>archive</kind>
         <file>rts430x_lc_rd_eabi.lib</file>
         <name>mult32_f5hw.obj</name>
      </input_file>
      <input_file id="fl-6e">
         <path>C:\ti\ccsv6\tools\compiler\msp430_4.3.3\lib\</path>
         <kind>archive</kind>
         <file>rts430x_lc_rd_eabi.lib</file>
         <name>strchr.obj</name>
      </input_file>
      <input_file id="fl-6f">
         <path>C:\ti\ccsv6\tools\compiler\msp430_4.3.3\lib\</path>
         <kind>archive</kind>
         <file>rts430x_lc_rd_eabi.lib</file>
         <name>strcmp.obj</name>
      </input_file>
      <input_file id="fl-70">
         <path>C:\ti\ccsv6\tools\compiler\msp430_4.3.3\lib\</path>
         <kind>archive</kind>
         <file>rts430x_lc_rd_eabi.lib</file>
         <name>strlen.obj</name>
      </input_file>
      <input_file id="fl-71">
         <path>C:\ti\ccsv6\tools\compiler\msp430_4.3.3\lib\</path>
         <kind>archive</kind>
         <file>rts430x_lc_rd_eabi.lib</file>
         <name>strncpy.obj</name>
      </input_file>
      <input_file id="fl-72">
         <path>C:\ti\ccsv6\tools\compiler\msp430_4.3.3\lib\</path>
         <kind>archive</kind>
         <file>rts430x_lc_rd_eabi.lib</file>
         <name>trgdrv.obj</name>
      </input_file>
      <input_file id="fl-73">
         <path>C:\ti\ccsv6\tools\compiler\msp430_4.3.3\lib\</path>
         <kind>archive</kind>
         <file>rts430x_lc_rd_eabi.lib</file>
         <name>trgmsg.obj</name>
      </input_file>
      <input_file id="fl-74">
         <path>C:\ti\ccsv6\tools\compiler\msp430_4.3.3\lib\</path>
         <kind>archive</kind>
         <file>rts430x_lc_rd_eabi.lib</file>
         <name>_io_perm.obj</name>
      </input_file>
      <input_file id="fl-75">
         <path>C:\ti\ccsv6\tools\compiler\msp430_4.3.3\lib\</path>
         <kind>archive</kind>
         <file>rts430x_lc_rd_eabi.lib</file>
         <name>div16s.obj</name>
      </input_file>
      <input_file id="fl-76">
         <path>C:\ti\ccsv6\tools\compiler\msp430_4.3.3\lib\</path>
         <kind>archive</kind>
         <file>rts430x_lc_rd_eabi.lib</file>
         <name>fflush.obj</name>
      </input_file>
      <input_file id="fl-77">
         <path>C:\ti\ccsv6\tools\compiler\msp430_4.3.3\lib\</path>
         <kind>archive</kind>
         <file>rts430x_lc_rd_eabi.lib</file>
         <name>fseek.obj</name>
      </input_file>
      <input_file id="fl-78">
         <path>C:\ti\ccsv6\tools\compiler\msp430_4.3.3\lib\</path>
         <kind>archive</kind>
         <file>rts430x_lc_rd_eabi.lib</file>
         <name>setvbuf.obj</name>
      </input_file>
      <input_file id="fl-79">
         <path>C:\ti\ccsv6\tools\compiler\msp430_4.3.3\lib\</path>
         <kind>archive</kind>
         <file>rts430x_lc_rd_eabi.lib</file>
         <name>strcpy.obj</name>
      </input_file>
      <input_file id="fl-7a">
         <path>C:\ti\ccsv6\tools\compiler\msp430_4.3.3\lib\</path>
         <kind>archive</kind>
         <file>rts430x_lc_rd_eabi.lib</file>
         <name>fopen.obj</name>
      </input_file>
      <input_file id="fl-7b">
         <path>C:\ti\ccsv6\tools\compiler\msp430_4.3.3\lib\</path>
         <kind>archive</kind>
         <file>rts430x_lc_rd_eabi.lib</file>
         <name>memory.obj</name>
      </input_file>
      <input_file id="fl-7c">
         <path>C:\ti\ccsv6\tools\compiler\msp430_4.3.3\lib\</path>
         <kind>archive</kind>
         <file>rts430x_lc_rd_eabi.lib</file>
         <name>fclose.obj</name>
      </input_file>
      <input_file id="fl-7d">
         <path>C:\ti\ccsv6\tools\compiler\msp430_4.3.3\lib\</path>
         <kind>archive</kind>
         <file>rts430x_lc_rd_eabi.lib</file>
         <name>remove.obj</name>
      </input_file>
   </input_file_list>
   <object_component_list>
      <object_component id="oc-227">
         <name>.common:accel_delay</name>
         <uninitialized>true</uninitialized>
         <run_address>0x25a0</run_address>
         <size>0x3c</size>
      </object_component>
      <object_component id="oc-2fb">
         <name>.common:tx_char</name>
         <uninitialized>true</uninitialized>
         <run_address>0x2603</run_address>
         <size>0x1</size>
      </object_component>
      <object_component id="oc-32b">
         <name>.common:rx_flag</name>
         <uninitialized>true</uninitialized>
         <run_address>0x2602</run_address>
         <size>0x1</size>
      </object_component>
      <object_component id="oc-126">
         <name>.common:rx_char</name>
         <uninitialized>true</uninitialized>
         <run_address>0x2600</run_address>
         <size>0x1</size>
      </object_component>
      <object_component id="oc-2fc">
         <name>.common:tx_fifo</name>
         <uninitialized>true</uninitialized>
         <run_address>0x2520</run_address>
         <size>0x80</size>
      </object_component>
      <object_component id="oc-325">
         <name>.common:rx_fifo</name>
         <uninitialized>true</uninitialized>
         <run_address>0x24a0</run_address>
         <size>0x80</size>
      </object_component>
      <object_component id="oc-300">
         <name>.common:tx_fifo_ptA</name>
         <uninitialized>true</uninitialized>
         <run_address>0x25fa</run_address>
         <size>0x2</size>
      </object_component>
      <object_component id="oc-301">
         <name>.common:tx_fifo_ptB</name>
         <uninitialized>true</uninitialized>
         <run_address>0x25fc</run_address>
         <size>0x2</size>
      </object_component>
      <object_component id="oc-32a">
         <name>.common:rx_fifo_ptA</name>
         <uninitialized>true</uninitialized>
         <run_address>0x25f6</run_address>
         <size>0x2</size>
      </object_component>
      <object_component id="oc-329">
         <name>.common:rx_fifo_ptB</name>
         <uninitialized>true</uninitialized>
         <run_address>0x25f8</run_address>
         <size>0x2</size>
      </object_component>
      <object_component id="oc-1da">
         <name>.common:rx_fifo_full</name>
         <uninitialized>true</uninitialized>
         <run_address>0x2601</run_address>
         <size>0x1</size>
      </object_component>
      <object_component id="oc-303">
         <name>.common:tx_fifo_full</name>
         <uninitialized>true</uninitialized>
         <run_address>0x2604</run_address>
         <size>0x1</size>
      </object_component>
      <object_component id="oc-1db">
         <name>.common:packet_ip</name>
         <uninitialized>true</uninitialized>
         <run_address>0x25fe</run_address>
         <size>0x1</size>
      </object_component>
      <object_component id="oc-2a9">
         <name>.common:packet_ready</name>
         <uninitialized>true</uninitialized>
         <run_address>0x25ff</run_address>
         <size>0x1</size>
      </object_component>
      <object_component id="oc-406">
         <name>.common:__TI_cleanup_ptr</name>
         <uninitialized>true</uninitialized>
         <run_address>0x25e4</run_address>
         <size>0x4</size>
      </object_component>
      <object_component id="oc-17e">
         <name>.common:__TI_dtors_ptr</name>
         <uninitialized>true</uninitialized>
         <run_address>0x25e8</run_address>
         <size>0x4</size>
      </object_component>
      <object_component id="oc-48b">
         <name>.common:__TI_tmpnams</name>
         <uninitialized>true</uninitialized>
         <run_address>0x2400</run_address>
         <size>0xa0</size>
      </object_component>
      <object_component id="oc-4e3">
         <name>.common:parmbuf</name>
         <uninitialized>true</uninitialized>
         <run_address>0x25dc</run_address>
         <size>0x8</size>
      </object_component>
      <object_component id="oc-480">
         <name>.common:sys_free</name>
         <uninitialized>true</uninitialized>
         <run_address>0x25f0</run_address>
         <size>0x4</size>
      </object_component>
      <object_component id="oc-483">
         <name>.common:sys_base</name>
         <uninitialized>true</uninitialized>
         <run_address>0x25ec</run_address>
         <size>0x4</size>
      </object_component>
      <object_component id="oc-482">
         <name>.common:memsize</name>
         <uninitialized>true</uninitialized>
         <run_address>0x25f4</run_address>
         <size>0x2</size>
      </object_component>
      <object_component id="oc-9c">
         <name>.sysmem</name>
         <uninitialized>true</uninitialized>
         <run_address>0x28f8</run_address>
         <size>0x6</size>
         <input_file_ref idref="fl-7b"/>
      </object_component>
      <object_component id="oc-590">
         <name>.sysmem</name>
         <uninitialized>true</uninitialized>
         <run_address>0x28f8</run_address>
         <size>0x0</size>
      </object_component>
      <object_component id="oc-98">
         <name>.stack</name>
         <uninitialized>true</uninitialized>
         <run_address>0x4360</run_address>
         <size>0x4</size>
         <input_file_ref idref="fl-37"/>
      </object_component>
      <object_component id="oc-58f">
         <name>.stack</name>
         <uninitialized>true</uninitialized>
         <run_address>0x4360</run_address>
         <size>0x0</size>
      </object_component>
      <object_component id="oc-165">
         <name>.text:moveMotors</name>
         <load_address>0x10000</load_address>
         <run_address>0x10000</run_address>
         <size>0x476</size>
         <input_file_ref idref="fl-5"/>
      </object_component>
      <object_component id="oc-262">
         <name>.text:__TI_frcmpyd</name>
         <load_address>0x10476</load_address>
         <run_address>0x10476</run_address>
         <size>0x2e4</size>
         <input_file_ref idref="fl-68"/>
      </object_component>
      <object_component id="oc-21d">
         <name>.text:__mspabi_addd</name>
         <load_address>0x1075a</load_address>
         <run_address>0x1075a</run_address>
         <size>0x2d8</size>
         <input_file_ref idref="fl-36"/>
      </object_component>
      <object_component id="oc-1e1">
         <name>.text:__mspabi_mpyd</name>
         <load_address>0x10a32</load_address>
         <run_address>0x10a32</run_address>
         <size>0x282</size>
         <input_file_ref idref="fl-5a"/>
      </object_component>
      <object_component id="oc-28c">
         <name>.text:__TI_frcaddd</name>
         <load_address>0x10cb4</load_address>
         <run_address>0x10cb4</run_address>
         <size>0x252</size>
         <input_file_ref idref="fl-42"/>
      </object_component>
      <object_component id="oc-2b0">
         <name>.text:parse_rx_packet</name>
         <load_address>0x10f06</load_address>
         <run_address>0x10f06</run_address>
         <size>0x190</size>
         <input_file_ref idref="fl-7"/>
      </object_component>
      <object_component id="oc-24a">
         <name>.text:pack_tx_packet</name>
         <load_address>0x11096</load_address>
         <run_address>0x11096</run_address>
         <size>0x14a</size>
         <input_file_ref idref="fl-7"/>
      </object_component>
      <object_component id="oc-35e">
         <name>.text:_setfield</name>
         <load_address>0x111e0</load_address>
         <run_address>0x111e0</run_address>
         <size>0x132</size>
         <input_file_ref idref="fl-61"/>
      </object_component>
      <object_component id="oc-256">
         <name>.text:check_and_respond_to_msg</name>
         <load_address>0x11312</load_address>
         <run_address>0x11312</run_address>
         <size>0x126</size>
         <input_file_ref idref="fl-7"/>
      </object_component>
      <object_component id="oc-15f">
         <name>.text:initMotorIO</name>
         <load_address>0x11438</load_address>
         <run_address>0x11438</run_address>
         <size>0xfe</size>
         <input_file_ref idref="fl-5"/>
      </object_component>
      <object_component id="oc-34a">
         <name>.text:fputs</name>
         <load_address>0x11536</load_address>
         <run_address>0x11536</run_address>
         <size>0xf0</size>
         <input_file_ref idref="fl-67"/>
      </object_component>
      <object_component id="oc-3c4">
         <name>.text:setvbuf</name>
         <load_address>0x11626</load_address>
         <run_address>0x11626</run_address>
         <size>0xe0</size>
         <input_file_ref idref="fl-78"/>
      </object_component>
      <object_component id="oc-1f6">
         <name>.text:__mspabi_cmpd</name>
         <load_address>0x11706</load_address>
         <run_address>0x11706</run_address>
         <size>0xd8</size>
         <input_file_ref idref="fl-38"/>
      </object_component>
      <object_component id="oc-33c">
         <name>.text:__TI_printfi_minimal</name>
         <load_address>0x117de</load_address>
         <run_address>0x117de</run_address>
         <size>0xd2</size>
         <input_file_ref idref="fl-61"/>
      </object_component>
      <object_component id="oc-3fa">
         <name>.text:malloc</name>
         <load_address>0x118b0</load_address>
         <run_address>0x118b0</run_address>
         <size>0xba</size>
         <input_file_ref idref="fl-7b"/>
      </object_component>
      <object_component id="oc-2ee">
         <name>.text:__TI_renormd</name>
         <load_address>0x1196a</load_address>
         <run_address>0x1196a</run_address>
         <size>0xb2</size>
         <input_file_ref idref="fl-5e"/>
      </object_component>
      <object_component id="oc-468">
         <name>.text:HOSTlseek</name>
         <load_address>0x11a1c</load_address>
         <run_address>0x11a1c</run_address>
         <size>0x9e</size>
         <input_file_ref idref="fl-72"/>
      </object_component>
      <object_component id="oc-2aa">
         <name>.text:uart_getp</name>
         <load_address>0x11aba</load_address>
         <run_address>0x11aba</run_address>
         <size>0x96</size>
         <input_file_ref idref="fl-7"/>
      </object_component>
      <object_component id="oc-351">
         <name>.text:fputc</name>
         <load_address>0x11b50</load_address>
         <run_address>0x11b50</run_address>
         <size>0x90</size>
         <input_file_ref idref="fl-66"/>
      </object_component>
      <object_component id="oc-3f4">
         <name>.text:free</name>
         <load_address>0x11be0</load_address>
         <run_address>0x11be0</run_address>
         <size>0x8e</size>
         <input_file_ref idref="fl-7b"/>
      </object_component>
      <object_component id="oc-37f">
         <name>.text:__TI_wrt_ok</name>
         <load_address>0x11c6e</load_address>
         <run_address>0x11c6e</run_address>
         <size>0x7e</size>
         <input_file_ref idref="fl-74"/>
      </object_component>
      <object_component id="oc-27b">
         <name>.text:__mspabi_fltuld</name>
         <load_address>0x11cec</load_address>
         <run_address>0x11cec</run_address>
         <size>0x76</size>
         <input_file_ref idref="fl-41"/>
      </object_component>
      <object_component id="oc-474">
         <name>.text:HOSTrename</name>
         <load_address>0x11d62</load_address>
         <run_address>0x11d62</run_address>
         <size>0x74</size>
         <input_file_ref idref="fl-72"/>
      </object_component>
      <object_component id="oc-444">
         <name>.text:__TI_closefile</name>
         <load_address>0x11dd6</load_address>
         <run_address>0x11dd6</run_address>
         <size>0x70</size>
         <input_file_ref idref="fl-7c"/>
      </object_component>
      <object_component id="oc-450">
         <name>.text:HOSTopen</name>
         <load_address>0x11e46</load_address>
         <run_address>0x11e46</run_address>
         <size>0x6e</size>
         <input_file_ref idref="fl-72"/>
      </object_component>
      <object_component id="oc-bc">
         <name>.text:_auto_init_hold_wdt</name>
         <load_address>0x11eb4</load_address>
         <run_address>0x11eb4</run_address>
         <size>0x6e</size>
         <input_file_ref idref="fl-64"/>
      </object_component>
      <object_component id="oc-462">
         <name>.text:HOSTwrite</name>
         <load_address>0x11f22</load_address>
         <run_address>0x11f22</run_address>
         <size>0x6a</size>
         <input_file_ref idref="fl-72"/>
      </object_component>
      <object_component id="oc-3be">
         <name>.text:fseek</name>
         <load_address>0x11f8c</load_address>
         <run_address>0x11f8c</run_address>
         <size>0x6a</size>
         <input_file_ref idref="fl-77"/>
      </object_component>
      <object_component id="oc-45c">
         <name>.text:HOSTread</name>
         <load_address>0x11ff6</load_address>
         <run_address>0x11ff6</run_address>
         <size>0x68</size>
         <input_file_ref idref="fl-72"/>
      </object_component>
      <object_component id="oc-1e7">
         <name>.text:__mspabi_fixdul</name>
         <load_address>0x1205e</load_address>
         <run_address>0x1205e</run_address>
         <size>0x68</size>
         <input_file_ref idref="fl-3f"/>
      </object_component>
      <object_component id="oc-1cd">
         <name>.text:init_timer_A0</name>
         <load_address>0x120c6</load_address>
         <run_address>0x120c6</run_address>
         <size>0x66</size>
         <input_file_ref idref="fl-6"/>
      </object_component>
      <object_component id="oc-38b">
         <name>.text:__TI_doflush</name>
         <load_address>0x1212c</load_address>
         <run_address>0x1212c</run_address>
         <size>0x64</size>
         <input_file_ref idref="fl-76"/>
      </object_component>
      <object_component id="oc-e9">
         <name>.text:__TI_decompress_rle_core</name>
         <load_address>0x12190</load_address>
         <run_address>0x12190</run_address>
         <size>0x62</size>
         <input_file_ref idref="fl-3a"/>
      </object_component>
      <object_component id="oc-159">
         <name>.text:init_uart</name>
         <load_address>0x121f2</load_address>
         <run_address>0x121f2</run_address>
         <size>0x62</size>
         <input_file_ref idref="fl-7"/>
      </object_component>
      <object_component id="oc-3e3">
         <name>.text:_ltostr</name>
         <load_address>0x12254</load_address>
         <run_address>0x12254</run_address>
         <size>0x5a</size>
         <input_file_ref idref="fl-61"/>
      </object_component>
      <object_component id="oc-485">
         <name>.text:close</name>
         <load_address>0x122ae</load_address>
         <run_address>0x122ae</run_address>
         <size>0x5a</size>
         <input_file_ref idref="fl-69"/>
      </object_component>
      <object_component id="oc-4e6">
         <name>.text:getdevice</name>
         <load_address>0x12308</load_address>
         <run_address>0x12308</run_address>
         <size>0x5a</size>
         <input_file_ref idref="fl-69"/>
      </object_component>
      <object_component id="oc-1b6">
         <name>.text:send_burn_stop</name>
         <load_address>0x12362</load_address>
         <run_address>0x12362</run_address>
         <size>0x5a</size>
         <input_file_ref idref="fl-7"/>
      </object_component>
      <object_component id="oc-c2">
         <name>.text:main</name>
         <load_address>0x123bc</load_address>
         <run_address>0x123bc</run_address>
         <size>0x50</size>
         <input_file_ref idref="fl-4"/>
      </object_component>
      <object_component id="oc-456">
         <name>.text:HOSTclose</name>
         <load_address>0x1240c</load_address>
         <run_address>0x1240c</run_address>
         <size>0x4c</size>
         <input_file_ref idref="fl-72"/>
      </object_component>
      <object_component id="oc-3a4">
         <name>.text:_pproc_diouxp</name>
         <load_address>0x12458</load_address>
         <run_address>0x12458</run_address>
         <size>0x4c</size>
         <input_file_ref idref="fl-61"/>
      </object_component>
      <object_component id="oc-30c">
         <name>.text:printf</name>
         <load_address>0x124a4</load_address>
         <run_address>0x124a4</run_address>
         <size>0x4a</size>
         <input_file_ref idref="fl-5d"/>
      </object_component>
      <object_component id="oc-364">
         <name>.text:_pproc_str</name>
         <load_address>0x124ee</load_address>
         <run_address>0x124ee</run_address>
         <size>0x48</size>
         <input_file_ref idref="fl-61"/>
      </object_component>
      <object_component id="oc-46e">
         <name>.text:HOSTunlink</name>
         <load_address>0x12536</load_address>
         <run_address>0x12536</run_address>
         <size>0x46</size>
         <input_file_ref idref="fl-72"/>
      </object_component>
      <object_component id="oc-43a">
         <name>.text:minit</name>
         <load_address>0x1257c</load_address>
         <run_address>0x1257c</run_address>
         <size>0x42</size>
         <input_file_ref idref="fl-7b"/>
      </object_component>
      <object_component id="oc-3dd">
         <name>.text:_getarg_diouxp</name>
         <load_address>0x125be</load_address>
         <run_address>0x125be</run_address>
         <size>0x3e</size>
         <input_file_ref idref="fl-61"/>
      </object_component>
      <object_component id="oc-2cd">
         <name>.text:l_asr_const</name>
         <load_address>0x125fc</load_address>
         <run_address>0x125fc</run_address>
         <size>0x3e</size>
         <input_file_ref idref="fl-63"/>
      </object_component>
      <object_component id="oc-26f">
         <name>.text:l_lsl_const</name>
         <load_address>0x1263a</load_address>
         <run_address>0x1263a</run_address>
         <size>0x3e</size>
         <input_file_ref idref="fl-56"/>
      </object_component>
      <object_component id="oc-2c3">
         <name>.text:l_lsr_const</name>
         <load_address>0x12678</load_address>
         <run_address>0x12678</run_address>
         <size>0x3e</size>
         <input_file_ref idref="fl-57"/>
      </object_component>
      <object_component id="oc-3ec">
         <name>.text:lseek</name>
         <load_address>0x126b6</load_address>
         <run_address>0x126b6</run_address>
         <size>0x3e</size>
         <input_file_ref idref="fl-69"/>
      </object_component>
      <object_component id="oc-391">
         <name>.text:write</name>
         <load_address>0x126f4</load_address>
         <run_address>0x126f4</run_address>
         <size>0x3c</size>
         <input_file_ref idref="fl-69"/>
      </object_component>
      <object_component id="oc-400">
         <name>.text:__TI_cleanup</name>
         <load_address>0x12730</load_address>
         <run_address>0x12730</run_address>
         <size>0x36</size>
         <input_file_ref idref="fl-7a"/>
      </object_component>
      <object_component id="oc-49d">
         <name>.text:__TI_writemsg</name>
         <load_address>0x12766</load_address>
         <run_address>0x12766</run_address>
         <size>0x36</size>
         <input_file_ref idref="fl-73"/>
      </object_component>
      <object_component id="oc-2a2">
         <name>.text:uart_putc</name>
         <load_address>0x1279c</load_address>
         <run_address>0x1279c</run_address>
         <size>0x36</size>
         <input_file_ref idref="fl-7"/>
      </object_component>
      <object_component id="oc-4a4">
         <name>.text:__TI_readmsg</name>
         <load_address>0x127d2</load_address>
         <run_address>0x127d2</run_address>
         <size>0x32</size>
         <input_file_ref idref="fl-73"/>
      </object_component>
      <object_component id="oc-1fc">
         <name>.text:__mspabi_subd</name>
         <load_address>0x12804</load_address>
         <run_address>0x12804</run_address>
         <size>0x32</size>
         <input_file_ref idref="fl-5f"/>
      </object_component>
      <object_component id="oc-147">
         <name>.text:init_clocks</name>
         <load_address>0x12836</load_address>
         <run_address>0x12836</run_address>
         <size>0x32</size>
         <input_file_ref idref="fl-6"/>
      </object_component>
      <object_component id="oc-4ff">
         <name>.text:strncpy</name>
         <load_address>0x12868</load_address>
         <run_address>0x12868</run_address>
         <size>0x32</size>
         <input_file_ref idref="fl-71"/>
      </object_component>
      <object_component id="oc-16b">
         <name>.text:delay_ms</name>
         <load_address>0x1289a</load_address>
         <run_address>0x1289a</run_address>
         <size>0x30</size>
         <input_file_ref idref="fl-6"/>
      </object_component>
      <object_component id="oc-48c">
         <name>.text:unlink</name>
         <load_address>0x128ca</load_address>
         <run_address>0x128ca</run_address>
         <size>0x30</size>
         <input_file_ref idref="fl-69"/>
      </object_component>
      <object_component id="oc-c8">
         <name>.text:exit</name>
         <load_address>0x128fa</load_address>
         <run_address>0x128fa</run_address>
         <size>0x2e</size>
         <input_file_ref idref="fl-3d"/>
      </object_component>
      <object_component id="oc-505">
         <name>.text:finddevice</name>
         <load_address>0x12928</load_address>
         <run_address>0x12928</run_address>
         <size>0x2e</size>
         <input_file_ref idref="fl-69"/>
      </object_component>
      <object_component id="oc-2b6">
         <name>.text:send_ack</name>
         <load_address>0x12956</load_address>
         <run_address>0x12956</run_address>
         <size>0x2e</size>
         <input_file_ref idref="fl-7"/>
      </object_component>
      <object_component id="oc-305">
         <name>.text:uart_getc</name>
         <load_address>0x12984</load_address>
         <run_address>0x12984</run_address>
         <size>0x2c</size>
         <input_file_ref idref="fl-7"/>
      </object_component>
      <object_component id="oc-215">
         <name>.text:delay_10us</name>
         <load_address>0x129b0</load_address>
         <run_address>0x129b0</run_address>
         <size>0x2a</size>
         <input_file_ref idref="fl-6"/>
      </object_component>
      <object_component id="oc-8c">
         <name>.text:decompress:ZI:__TI_zero_init</name>
         <load_address>0x129da</load_address>
         <run_address>0x129da</run_address>
         <size>0x24</size>
         <input_file_ref idref="fl-3b"/>
      </object_component>
      <object_component id="oc-2c8">
         <name>.text</name>
         <load_address>0x129fe</load_address>
         <run_address>0x129fe</run_address>
         <size>0x22</size>
         <input_file_ref idref="fl-6d"/>
      </object_component>
      <object_component id="oc-29b">
         <name>.text:calc_8bit_mod_checksum</name>
         <load_address>0x12a20</load_address>
         <run_address>0x12a20</run_address>
         <size>0x20</size>
         <input_file_ref idref="fl-7"/>
      </object_component>
      <object_component id="oc-3aa">
         <name>.text:memccpy</name>
         <load_address>0x12a40</load_address>
         <run_address>0x12a40</run_address>
         <size>0x20</size>
         <input_file_ref idref="fl-6a"/>
      </object_component>
      <object_component id="oc-153">
         <name>.text:init_laser</name>
         <load_address>0x12a60</load_address>
         <run_address>0x12a60</run_address>
         <size>0x1e</size>
         <input_file_ref idref="fl-3"/>
      </object_component>
      <object_component id="oc-250">
         <name>.text:uart_putp</name>
         <load_address>0x12a7e</load_address>
         <run_address>0x12a7e</run_address>
         <size>0x1e</size>
         <input_file_ref idref="fl-7"/>
      </object_component>
      <object_component id="oc-516">
         <name>.text:strcmp</name>
         <load_address>0x12a9c</load_address>
         <run_address>0x12a9c</run_address>
         <size>0x1c</size>
         <input_file_ref idref="fl-6f"/>
      </object_component>
      <object_component id="oc-1b0">
         <name>.text:turn_off_laser</name>
         <load_address>0x12ab8</load_address>
         <run_address>0x12ab8</run_address>
         <size>0x1c</size>
         <input_file_ref idref="fl-3"/>
      </object_component>
      <object_component id="oc-428">
         <name>.text:_div</name>
         <load_address>0x12ad4</load_address>
         <run_address>0x12ad4</run_address>
         <size>0x1a</size>
         <input_file_ref idref="fl-61"/>
      </object_component>
      <object_component id="oc-4f9">
         <name>.text:strchr</name>
         <load_address>0x12aee</load_address>
         <run_address>0x12aee</run_address>
         <size>0x1a</size>
         <input_file_ref idref="fl-6e"/>
      </object_component>
      <object_component id="oc-385">
         <name>.text:memchr</name>
         <load_address>0x12b08</load_address>
         <run_address>0x12b08</run_address>
         <size>0x16</size>
         <input_file_ref idref="fl-6b"/>
      </object_component>
      <object_component id="oc-39d">
         <name>.text:memset</name>
         <load_address>0x12b1e</load_address>
         <run_address>0x12b1e</run_address>
         <size>0x16</size>
         <input_file_ref idref="fl-6c"/>
      </object_component>
      <object_component id="oc-208">
         <name>.text</name>
         <load_address>0x12b34</load_address>
         <run_address>0x12b34</run_address>
         <size>0x16</size>
         <input_file_ref idref="fl-3c"/>
      </object_component>
      <object_component id="oc-20d">
         <name>.text</name>
         <load_address>0x12b4a</load_address>
         <run_address>0x12b4a</run_address>
         <size>0x16</size>
         <input_file_ref idref="fl-5b"/>
      </object_component>
      <object_component id="oc-14d">
         <name>.text:initWaitTimer</name>
         <load_address>0x12b60</load_address>
         <run_address>0x12b60</run_address>
         <size>0x14</size>
         <input_file_ref idref="fl-6"/>
      </object_component>
      <object_component id="oc-d5">
         <name>.text:memcpy</name>
         <load_address>0x12b74</load_address>
         <run_address>0x12b74</run_address>
         <size>0x14</size>
         <input_file_ref idref="fl-58"/>
      </object_component>
      <object_component id="oc-202">
         <name>.text:__mspabi_fixdu</name>
         <load_address>0x12b88</load_address>
         <run_address>0x12b88</run_address>
         <size>0x12</size>
         <input_file_ref idref="fl-3e"/>
      </object_component>
      <object_component id="oc-86">
         <name>.text:decompress:none:__TI_decompress_none</name>
         <load_address>0x12b9a</load_address>
         <run_address>0x12b9a</run_address>
         <size>0x12</size>
         <input_file_ref idref="fl-39"/>
      </object_component>
      <object_component id="oc-108">
         <name>.text:halt_burn</name>
         <load_address>0x12bac</load_address>
         <run_address>0x12bac</run_address>
         <size>0x12</size>
         <input_file_ref idref="fl-3"/>
      </object_component>
      <object_component id="oc-4da">
         <name>.text:strcpy</name>
         <load_address>0x12bbe</load_address>
         <run_address>0x12bbe</run_address>
         <size>0x12</size>
         <input_file_ref idref="fl-79"/>
      </object_component>
      <object_component id="oc-2e9">
         <name>.text:l_asr</name>
         <load_address>0x12bd0</load_address>
         <run_address>0x12bd0</run_address>
         <size>0x10</size>
         <input_file_ref idref="fl-63"/>
      </object_component>
      <object_component id="oc-2e4">
         <name>.text:l_lsl</name>
         <load_address>0x12be0</load_address>
         <run_address>0x12be0</run_address>
         <size>0x10</size>
         <input_file_ref idref="fl-56"/>
      </object_component>
      <object_component id="oc-274">
         <name>.text:l_lsr</name>
         <load_address>0x12bf0</load_address>
         <run_address>0x12bf0</run_address>
         <size>0x10</size>
         <input_file_ref idref="fl-57"/>
      </object_component>
      <object_component id="oc-141">
         <name>.text:init_pcb_LED</name>
         <load_address>0x12c00</load_address>
         <run_address>0x12c00</run_address>
         <size>0xe</size>
         <input_file_ref idref="fl-2"/>
      </object_component>
      <object_component id="oc-13b">
         <name>.text:init_pcb_input</name>
         <load_address>0x12c0e</load_address>
         <run_address>0x12c0e</run_address>
         <size>0xe</size>
         <input_file_ref idref="fl-2"/>
      </object_component>
      <object_component id="oc-358">
         <name>.text:strlen</name>
         <load_address>0x12c1c</load_address>
         <run_address>0x12c1c</run_address>
         <size>0xe</size>
         <input_file_ref idref="fl-70"/>
      </object_component>
      <object_component id="oc-9f">
         <name>.text:__TI_ISR_TRAP</name>
         <load_address>0x12c2a</load_address>
         <run_address>0x12c2a</run_address>
         <size>0x6</size>
         <input_file_ref idref="fl-55"/>
      </object_component>
      <object_component id="oc-1f0">
         <name>.text:__mspabi_fltud</name>
         <load_address>0x12c30</load_address>
         <run_address>0x12c30</run_address>
         <size>0x6</size>
         <input_file_ref idref="fl-40"/>
      </object_component>
      <object_component id="oc-336">
         <name>.text:_outc</name>
         <load_address>0x12c36</load_address>
         <run_address>0x12c36</run_address>
         <size>0x6</size>
         <input_file_ref idref="fl-5d"/>
      </object_component>
      <object_component id="oc-92">
         <name>.text:decompress:rle24:__TI_decompress_rle24</name>
         <load_address>0x12c3c</load_address>
         <run_address>0x12c3c</run_address>
         <size>0x6</size>
         <input_file_ref idref="fl-3a"/>
      </object_component>
      <object_component id="oc-1aa">
         <name>.text:disable_laser</name>
         <load_address>0x12c42</load_address>
         <run_address>0x12c42</run_address>
         <size>0x6</size>
         <input_file_ref idref="fl-3"/>
      </object_component>
      <object_component id="oc-2bc">
         <name>.text:enable_laser</name>
         <load_address>0x12c48</load_address>
         <run_address>0x12c48</run_address>
         <size>0x6</size>
         <input_file_ref idref="fl-3"/>
      </object_component>
      <object_component id="oc-330">
         <name>.text:_outs</name>
         <load_address>0x12c4e</load_address>
         <run_address>0x12c4e</run_address>
         <size>0x4</size>
         <input_file_ref idref="fl-5d"/>
      </object_component>
      <object_component id="oc-b6">
         <name>.text:_system_pre_init</name>
         <load_address>0x12c52</load_address>
         <run_address>0x12c52</run_address>
         <size>0x4</size>
         <input_file_ref idref="fl-5c"/>
      </object_component>
      <object_component id="oc-181">
         <name>.text:abort</name>
         <load_address>0x12c56</load_address>
         <run_address>0x12c56</run_address>
         <size>0x4</size>
         <input_file_ref idref="fl-3d"/>
      </object_component>
      <object_component id="oc-22e">
         <name>.text:_nop</name>
         <load_address>0x12c5a</load_address>
         <run_address>0x12c5a</run_address>
         <size>0x2</size>
         <input_file_ref idref="fl-60"/>
      </object_component>
      <object_component id="oc-aa">
         <name>.text:_isr:USCI0RXTX_ISR</name>
         <load_address>0x4400</load_address>
         <run_address>0x4400</run_address>
         <size>0xb8</size>
         <input_file_ref idref="fl-7"/>
      </object_component>
      <object_component id="oc-a4">
         <name>.text:_isr:Port_2</name>
         <load_address>0x44b8</load_address>
         <run_address>0x44b8</run_address>
         <size>0x5c</size>
         <input_file_ref idref="fl-5"/>
      </object_component>
      <object_component id="oc-73">
         <name>.text:_isr:_c_int00_noargs</name>
         <load_address>0x4514</load_address>
         <run_address>0x4514</run_address>
         <size>0x1c</size>
         <input_file_ref idref="fl-37"/>
      </object_component>
      <object_component id="oc-cf">
         <name>.text:_isr:TIMERA0_ISR</name>
         <load_address>0x4530</load_address>
         <run_address>0x4530</run_address>
         <size>0x12</size>
         <input_file_ref idref="fl-6"/>
      </object_component>
      <object_component id="oc-b0">
         <name>.text:_isr:TIMERA1_ISR</name>
         <load_address>0x4542</load_address>
         <run_address>0x4542</run_address>
         <size>0x6</size>
         <input_file_ref idref="fl-6"/>
      </object_component>
      <object_component id="oc-58d">
         <name>.cinit..data.load</name>
         <load_address>0x45e6</load_address>
         <run_address>0x45e6</run_address>
         <size>0x67</size>
      </object_component>
      <object_component id="oc-58a">
         <name>__TI_handler_table</name>
         <load_address>0x464e</load_address>
         <run_address>0x464e</run_address>
         <size>0xc</size>
      </object_component>
      <object_component id="oc-58c">
         <name>.cinit..bss.load</name>
         <load_address>0x465a</load_address>
         <run_address>0x465a</run_address>
         <size>0x6</size>
      </object_component>
      <object_component id="oc-58e">
         <name>.cinit..cio.load</name>
         <load_address>0x4660</load_address>
         <run_address>0x4660</run_address>
         <size>0x6</size>
      </object_component>
      <object_component id="oc-58b">
         <name>__TI_cinit_table</name>
         <load_address>0x4666</load_address>
         <run_address>0x4666</run_address>
         <size>0x18</size>
      </object_component>
      <object_component id="oc-1de">
         <name>.const:$P$T0$1</name>
         <load_address>0x4548</load_address>
         <run_address>0x4548</run_address>
         <size>0x78</size>
         <input_file_ref idref="fl-5"/>
      </object_component>
      <object_component id="oc-3a3">
         <name>.const:.string</name>
         <load_address>0x45c0</load_address>
         <run_address>0x45c0</run_address>
         <size>0x14</size>
         <input_file_ref idref="fl-61"/>
      </object_component>
      <object_component id="oc-30b">
         <name>.const:.string</name>
         <load_address>0x45d4</load_address>
         <run_address>0x45d4</run_address>
         <size>0x12</size>
         <input_file_ref idref="fl-7"/>
      </object_component>
      <object_component id="oc-4f1">
         <name>.cio</name>
         <uninitialized>true</uninitialized>
         <run_address>0x27d8</run_address>
         <size>0x120</size>
         <input_file_ref idref="fl-73"/>
      </object_component>
      <object_component id="oc-6a">
         <name>.int41</name>
         <load_address>0xffd2</load_address>
         <run_address>0xffd2</run_address>
         <size>0x2</size>
         <input_file_ref idref="fl-43"/>
      </object_component>
      <object_component id="oc-6b">
         <name>.int42</name>
         <load_address>0xffd4</load_address>
         <run_address>0xffd4</run_address>
         <size>0x2</size>
         <input_file_ref idref="fl-5"/>
      </object_component>
      <object_component id="oc-6c">
         <name>.int43</name>
         <load_address>0xffd6</load_address>
         <run_address>0xffd6</run_address>
         <size>0x2</size>
         <input_file_ref idref="fl-44"/>
      </object_component>
      <object_component id="oc-6d">
         <name>.int44</name>
         <load_address>0xffd8</load_address>
         <run_address>0xffd8</run_address>
         <size>0x2</size>
         <input_file_ref idref="fl-45"/>
      </object_component>
      <object_component id="oc-6e">
         <name>.int45</name>
         <load_address>0xffda</load_address>
         <run_address>0xffda</run_address>
         <size>0x2</size>
         <input_file_ref idref="fl-46"/>
      </object_component>
      <object_component id="oc-6f">
         <name>.int46</name>
         <load_address>0xffdc</load_address>
         <run_address>0xffdc</run_address>
         <size>0x2</size>
         <input_file_ref idref="fl-7"/>
      </object_component>
      <object_component id="oc-70">
         <name>.int47</name>
         <load_address>0xffde</load_address>
         <run_address>0xffde</run_address>
         <size>0x2</size>
         <input_file_ref idref="fl-47"/>
      </object_component>
      <object_component id="oc-71">
         <name>.int48</name>
         <load_address>0xffe0</load_address>
         <run_address>0xffe0</run_address>
         <size>0x2</size>
         <input_file_ref idref="fl-48"/>
      </object_component>
      <object_component id="oc-72">
         <name>.int49</name>
         <load_address>0xffe2</load_address>
         <run_address>0xffe2</run_address>
         <size>0x2</size>
         <input_file_ref idref="fl-6"/>
      </object_component>
      <object_component id="oc-79">
         <name>.int50</name>
         <load_address>0xffe4</load_address>
         <run_address>0xffe4</run_address>
         <size>0x2</size>
         <input_file_ref idref="fl-49"/>
      </object_component>
      <object_component id="oc-7a">
         <name>.int51</name>
         <load_address>0xffe6</load_address>
         <run_address>0xffe6</run_address>
         <size>0x2</size>
         <input_file_ref idref="fl-4a"/>
      </object_component>
      <object_component id="oc-7b">
         <name>.int52</name>
         <load_address>0xffe8</load_address>
         <run_address>0xffe8</run_address>
         <size>0x2</size>
         <input_file_ref idref="fl-6"/>
      </object_component>
      <object_component id="oc-7c">
         <name>.int53</name>
         <load_address>0xffea</load_address>
         <run_address>0xffea</run_address>
         <size>0x2</size>
         <input_file_ref idref="fl-4b"/>
      </object_component>
      <object_component id="oc-7d">
         <name>.int54</name>
         <load_address>0xffec</load_address>
         <run_address>0xffec</run_address>
         <size>0x2</size>
         <input_file_ref idref="fl-4c"/>
      </object_component>
      <object_component id="oc-7e">
         <name>.int55</name>
         <load_address>0xffee</load_address>
         <run_address>0xffee</run_address>
         <size>0x2</size>
         <input_file_ref idref="fl-4d"/>
      </object_component>
      <object_component id="oc-7f">
         <name>.int56</name>
         <load_address>0xfff0</load_address>
         <run_address>0xfff0</run_address>
         <size>0x2</size>
         <input_file_ref idref="fl-4e"/>
      </object_component>
      <object_component id="oc-80">
         <name>.int57</name>
         <load_address>0xfff2</load_address>
         <run_address>0xfff2</run_address>
         <size>0x2</size>
         <input_file_ref idref="fl-4f"/>
      </object_component>
      <object_component id="oc-81">
         <name>.int58</name>
         <load_address>0xfff4</load_address>
         <run_address>0xfff4</run_address>
         <size>0x2</size>
         <input_file_ref idref="fl-50"/>
      </object_component>
      <object_component id="oc-82">
         <name>.int59</name>
         <load_address>0xfff6</load_address>
         <run_address>0xfff6</run_address>
         <size>0x2</size>
         <input_file_ref idref="fl-51"/>
      </object_component>
      <object_component id="oc-83">
         <name>.int60</name>
         <load_address>0xfff8</load_address>
         <run_address>0xfff8</run_address>
         <size>0x2</size>
         <input_file_ref idref="fl-52"/>
      </object_component>
      <object_component id="oc-84">
         <name>.int61</name>
         <load_address>0xfffa</load_address>
         <run_address>0xfffa</run_address>
         <size>0x2</size>
         <input_file_ref idref="fl-53"/>
      </object_component>
      <object_component id="oc-85">
         <name>.int62</name>
         <load_address>0xfffc</load_address>
         <run_address>0xfffc</run_address>
         <size>0x2</size>
         <input_file_ref idref="fl-54"/>
      </object_component>
      <object_component id="oc-9b">
         <name>.reset</name>
         <load_address>0xfffe</load_address>
         <run_address>0xfffe</run_address>
         <size>0x2</size>
         <input_file_ref idref="fl-37"/>
      </object_component>
      <object_component id="oc-102">
         <name>.data</name>
         <load_address>0x2782</load_address>
         <run_address>0x2782</run_address>
         <size>0x28</size>
         <input_file_ref idref="fl-5"/>
      </object_component>
      <object_component id="oc-105">
         <name>.data</name>
         <load_address>0x27bc</load_address>
         <run_address>0x27bc</run_address>
         <size>0xc</size>
         <input_file_ref idref="fl-7"/>
      </object_component>
      <object_component id="oc-134">
         <name>.data</name>
         <load_address>0x27aa</load_address>
         <run_address>0x27aa</run_address>
         <size>0x12</size>
         <input_file_ref idref="fl-6"/>
      </object_component>
      <object_component id="oc-178">
         <name>.data</name>
         <load_address>0x27c8</load_address>
         <run_address>0x27c8</run_address>
         <size>0x8</size>
         <input_file_ref idref="fl-60"/>
      </object_component>
      <object_component id="oc-246">
         <name>.data</name>
         <load_address>0x27d0</load_address>
         <run_address>0x27d0</run_address>
         <size>0x4</size>
         <input_file_ref idref="fl-3"/>
      </object_component>
      <object_component id="oc-32d">
         <name>.data:_ftable</name>
         <load_address>0x2606</load_address>
         <run_address>0x2606</run_address>
         <size>0xc8</size>
         <input_file_ref idref="fl-65"/>
      </object_component>
      <object_component id="oc-3d0">
         <name>.data:_stream</name>
         <load_address>0x2746</load_address>
         <run_address>0x2746</run_address>
         <size>0x3c</size>
         <input_file_ref idref="fl-69"/>
      </object_component>
      <object_component id="oc-414">
         <name>.data:_device</name>
         <load_address>0x26ce</load_address>
         <run_address>0x26ce</run_address>
         <size>0x78</size>
         <input_file_ref idref="fl-69"/>
      </object_component>
      <object_component id="oc-437">
         <name>.data</name>
         <load_address>0x27d6</load_address>
         <run_address>0x27d6</run_address>
         <size>0x2</size>
         <input_file_ref idref="fl-7b"/>
      </object_component>
      <object_component id="oc-44a">
         <name>.data</name>
         <load_address>0x27d4</load_address>
         <run_address>0x27d4</run_address>
         <size>0x2</size>
         <input_file_ref idref="fl-65"/>
      </object_component>
      <object_component id="oc-74">
         <name>.debug_info</name>
         <load_address>0x0</load_address>
         <run_address>0x0</run_address>
         <size>0x124</size>
         <input_file_ref idref="fl-37"/>
      </object_component>
      <object_component id="oc-88">
         <name>.debug_info</name>
         <load_address>0x124</load_address>
         <run_address>0x124</run_address>
         <size>0x194</size>
         <input_file_ref idref="fl-39"/>
      </object_component>
      <object_component id="oc-90">
         <name>.debug_info</name>
         <load_address>0x2b8</load_address>
         <run_address>0x2b8</run_address>
         <size>0x16f</size>
         <input_file_ref idref="fl-3b"/>
      </object_component>
      <object_component id="oc-94">
         <name>.debug_info</name>
         <load_address>0x427</load_address>
         <run_address>0x427</run_address>
         <size>0x18e</size>
         <input_file_ref idref="fl-3a"/>
      </object_component>
      <object_component id="oc-99">
         <name>.debug_info</name>
         <load_address>0x5b5</load_address>
         <run_address>0x5b5</run_address>
         <size>0xaa</size>
         <input_file_ref idref="fl-37"/>
      </object_component>
      <object_component id="oc-9d">
         <name>.debug_info</name>
         <load_address>0x65f</load_address>
         <run_address>0x65f</run_address>
         <size>0xb6</size>
         <input_file_ref idref="fl-7b"/>
      </object_component>
      <object_component id="oc-a0">
         <name>.debug_info</name>
         <load_address>0x715</load_address>
         <run_address>0x715</run_address>
         <size>0xc2</size>
         <input_file_ref idref="fl-55"/>
      </object_component>
      <object_component id="oc-a5">
         <name>.debug_info</name>
         <load_address>0x7d7</load_address>
         <run_address>0x7d7</run_address>
         <size>0x142</size>
         <input_file_ref idref="fl-5"/>
      </object_component>
      <object_component id="oc-ab">
         <name>.debug_info</name>
         <load_address>0x919</load_address>
         <run_address>0x919</run_address>
         <size>0x183</size>
         <input_file_ref idref="fl-7"/>
      </object_component>
      <object_component id="oc-b2">
         <name>.debug_info</name>
         <load_address>0xa9c</load_address>
         <run_address>0xa9c</run_address>
         <size>0x133</size>
         <input_file_ref idref="fl-6"/>
      </object_component>
      <object_component id="oc-b9">
         <name>.debug_info</name>
         <load_address>0xbcf</load_address>
         <run_address>0xbcf</run_address>
         <size>0xfd</size>
         <input_file_ref idref="fl-5c"/>
      </object_component>
      <object_component id="oc-bd">
         <name>.debug_info</name>
         <load_address>0xccc</load_address>
         <run_address>0xccc</run_address>
         <size>0x1a0</size>
         <input_file_ref idref="fl-64"/>
      </object_component>
      <object_component id="oc-c3">
         <name>.debug_info</name>
         <load_address>0xe6c</load_address>
         <run_address>0xe6c</run_address>
         <size>0x226</size>
         <input_file_ref idref="fl-4"/>
      </object_component>
      <object_component id="oc-cc">
         <name>.debug_info</name>
         <load_address>0x1092</load_address>
         <run_address>0x1092</run_address>
         <size>0x127</size>
         <input_file_ref idref="fl-3d"/>
      </object_component>
      <object_component id="oc-d1">
         <name>.debug_info</name>
         <load_address>0x11b9</load_address>
         <run_address>0x11b9</run_address>
         <size>0x133</size>
         <input_file_ref idref="fl-6"/>
      </object_component>
      <object_component id="oc-d6">
         <name>.debug_info</name>
         <load_address>0x12ec</load_address>
         <run_address>0x12ec</run_address>
         <size>0x157</size>
         <input_file_ref idref="fl-58"/>
      </object_component>
      <object_component id="oc-dc">
         <name>.debug_info</name>
         <load_address>0x1443</load_address>
         <run_address>0x1443</run_address>
         <size>0x46</size>
         <input_file_ref idref="fl-39"/>
      </object_component>
      <object_component id="oc-e1">
         <name>.debug_info</name>
         <load_address>0x1489</load_address>
         <run_address>0x1489</run_address>
         <size>0x17b</size>
         <input_file_ref idref="fl-39"/>
      </object_component>
      <object_component id="oc-e3">
         <name>.debug_info</name>
         <load_address>0x1604</load_address>
         <run_address>0x1604</run_address>
         <size>0x46</size>
         <input_file_ref idref="fl-3b"/>
      </object_component>
      <object_component id="oc-e8">
         <name>.debug_info</name>
         <load_address>0x164a</load_address>
         <run_address>0x164a</run_address>
         <size>0x129</size>
         <input_file_ref idref="fl-3b"/>
      </object_component>
      <object_component id="oc-eb">
         <name>.debug_info</name>
         <load_address>0x1773</load_address>
         <run_address>0x1773</run_address>
         <size>0x1ef</size>
         <input_file_ref idref="fl-3a"/>
      </object_component>
      <object_component id="oc-f0">
         <name>.debug_info</name>
         <load_address>0x1962</load_address>
         <run_address>0x1962</run_address>
         <size>0x138</size>
         <input_file_ref idref="fl-3a"/>
      </object_component>
      <object_component id="oc-f1">
         <name>.debug_info</name>
         <load_address>0x1a9a</load_address>
         <run_address>0x1a9a</run_address>
         <size>0x39</size>
         <input_file_ref idref="fl-3a"/>
      </object_component>
      <object_component id="oc-f8">
         <name>.debug_info</name>
         <load_address>0x1ad3</load_address>
         <run_address>0x1ad3</run_address>
         <size>0x84</size>
         <input_file_ref idref="fl-2"/>
      </object_component>
      <object_component id="oc-ff">
         <name>.debug_info</name>
         <load_address>0x1b57</load_address>
         <run_address>0x1b57</run_address>
         <size>0x275</size>
         <input_file_ref idref="fl-7b"/>
      </object_component>
      <object_component id="oc-103">
         <name>.debug_info</name>
         <load_address>0x1dcc</load_address>
         <run_address>0x1dcc</run_address>
         <size>0x1b1</size>
         <input_file_ref idref="fl-5"/>
      </object_component>
      <object_component id="oc-106">
         <name>.debug_info</name>
         <load_address>0x1f7d</load_address>
         <run_address>0x1f7d</run_address>
         <size>0x1ad</size>
         <input_file_ref idref="fl-7"/>
      </object_component>
      <object_component id="oc-109">
         <name>.debug_info</name>
         <load_address>0x212a</load_address>
         <run_address>0x212a</run_address>
         <size>0x184</size>
         <input_file_ref idref="fl-3"/>
      </object_component>
      <object_component id="oc-110">
         <name>.debug_info</name>
         <load_address>0x22ae</load_address>
         <run_address>0x22ae</run_address>
         <size>0x5d0</size>
         <input_file_ref idref="fl-7"/>
      </object_component>
      <object_component id="oc-12f">
         <name>.debug_info</name>
         <load_address>0x287e</load_address>
         <run_address>0x287e</run_address>
         <size>0x18b</size>
         <input_file_ref idref="fl-3"/>
      </object_component>
      <object_component id="oc-135">
         <name>.debug_info</name>
         <load_address>0x2a09</load_address>
         <run_address>0x2a09</run_address>
         <size>0x191</size>
         <input_file_ref idref="fl-6"/>
      </object_component>
      <object_component id="oc-13a">
         <name>.debug_info</name>
         <load_address>0x2b9a</load_address>
         <run_address>0x2b9a</run_address>
         <size>0x2d8</size>
         <input_file_ref idref="fl-64"/>
      </object_component>
      <object_component id="oc-13c">
         <name>.debug_info</name>
         <load_address>0x2e72</load_address>
         <run_address>0x2e72</run_address>
         <size>0x13b</size>
         <input_file_ref idref="fl-2"/>
      </object_component>
      <object_component id="oc-142">
         <name>.debug_info</name>
         <load_address>0x2fad</load_address>
         <run_address>0x2fad</run_address>
         <size>0x137</size>
         <input_file_ref idref="fl-2"/>
      </object_component>
      <object_component id="oc-149">
         <name>.debug_info</name>
         <load_address>0x30e4</load_address>
         <run_address>0x30e4</run_address>
         <size>0x132</size>
         <input_file_ref idref="fl-6"/>
      </object_component>
      <object_component id="oc-14e">
         <name>.debug_info</name>
         <load_address>0x3216</load_address>
         <run_address>0x3216</run_address>
         <size>0x136</size>
         <input_file_ref idref="fl-6"/>
      </object_component>
      <object_component id="oc-154">
         <name>.debug_info</name>
         <load_address>0x334c</load_address>
         <run_address>0x334c</run_address>
         <size>0x170</size>
         <input_file_ref idref="fl-3"/>
      </object_component>
      <object_component id="oc-15a">
         <name>.debug_info</name>
         <load_address>0x34bc</load_address>
         <run_address>0x34bc</run_address>
         <size>0x14c</size>
         <input_file_ref idref="fl-7"/>
      </object_component>
      <object_component id="oc-160">
         <name>.debug_info</name>
         <load_address>0x3608</load_address>
         <run_address>0x3608</run_address>
         <size>0x19e</size>
         <input_file_ref idref="fl-5"/>
      </object_component>
      <object_component id="oc-166">
         <name>.debug_info</name>
         <load_address>0x37a6</load_address>
         <run_address>0x37a6</run_address>
         <size>0x595</size>
         <input_file_ref idref="fl-5"/>
      </object_component>
      <object_component id="oc-16d">
         <name>.debug_info</name>
         <load_address>0x3d3b</load_address>
         <run_address>0x3d3b</run_address>
         <size>0x189</size>
         <input_file_ref idref="fl-6"/>
      </object_component>
      <object_component id="oc-172">
         <name>.debug_info</name>
         <load_address>0x3ec4</load_address>
         <run_address>0x3ec4</run_address>
         <size>0x3ad</size>
         <input_file_ref idref="fl-4"/>
      </object_component>
      <object_component id="oc-173">
         <name>.debug_info</name>
         <load_address>0x4271</load_address>
         <run_address>0x4271</run_address>
         <size>0x7d</size>
         <input_file_ref idref="fl-3"/>
      </object_component>
      <object_component id="oc-179">
         <name>.debug_info</name>
         <load_address>0x42ee</load_address>
         <run_address>0x42ee</run_address>
         <size>0xc8</size>
         <input_file_ref idref="fl-60"/>
      </object_component>
      <object_component id="oc-17c">
         <name>.debug_info</name>
         <load_address>0x43b6</load_address>
         <run_address>0x43b6</run_address>
         <size>0x245</size>
         <input_file_ref idref="fl-37"/>
      </object_component>
      <object_component id="oc-184">
         <name>.debug_info</name>
         <load_address>0x45fb</load_address>
         <run_address>0x45fb</run_address>
         <size>0xcc</size>
         <input_file_ref idref="fl-3d"/>
      </object_component>
      <object_component id="oc-188">
         <name>.debug_info</name>
         <load_address>0x46c7</load_address>
         <run_address>0x46c7</run_address>
         <size>0x1af</size>
         <input_file_ref idref="fl-3d"/>
      </object_component>
      <object_component id="oc-18b">
         <name>.debug_info</name>
         <load_address>0x4876</load_address>
         <run_address>0x4876</run_address>
         <size>0x13b</size>
         <input_file_ref idref="fl-58"/>
      </object_component>
      <object_component id="oc-18c">
         <name>.debug_info</name>
         <load_address>0x49b1</load_address>
         <run_address>0x49b1</run_address>
         <size>0x2c</size>
         <input_file_ref idref="fl-58"/>
      </object_component>
      <object_component id="oc-193">
         <name>.debug_info</name>
         <load_address>0x49dd</load_address>
         <run_address>0x49dd</run_address>
         <size>0x2c</size>
         <input_file_ref idref="fl-39"/>
      </object_component>
      <object_component id="oc-19f">
         <name>.debug_info</name>
         <load_address>0x4a09</load_address>
         <run_address>0x4a09</run_address>
         <size>0x6f</size>
         <input_file_ref idref="fl-7b"/>
      </object_component>
      <object_component id="oc-1a6">
         <name>.debug_info</name>
         <load_address>0x4a78</load_address>
         <run_address>0x4a78</run_address>
         <size>0x403</size>
         <input_file_ref idref="fl-5"/>
      </object_component>
      <object_component id="oc-1ab">
         <name>.debug_info</name>
         <load_address>0x4e7b</load_address>
         <run_address>0x4e7b</run_address>
         <size>0x14e</size>
         <input_file_ref idref="fl-3"/>
      </object_component>
      <object_component id="oc-1b1">
         <name>.debug_info</name>
         <load_address>0x4fc9</load_address>
         <run_address>0x4fc9</run_address>
         <size>0x150</size>
         <input_file_ref idref="fl-3"/>
      </object_component>
      <object_component id="oc-1b7">
         <name>.debug_info</name>
         <load_address>0x5119</load_address>
         <run_address>0x5119</run_address>
         <size>0x1f1</size>
         <input_file_ref idref="fl-7"/>
      </object_component>
      <object_component id="oc-1c1">
         <name>.debug_info</name>
         <load_address>0x530a</load_address>
         <run_address>0x530a</run_address>
         <size>0x3c6</size>
         <input_file_ref idref="fl-6"/>
      </object_component>
      <object_component id="oc-1c4">
         <name>.debug_info</name>
         <load_address>0x56d0</load_address>
         <run_address>0x56d0</run_address>
         <size>0x39</size>
         <input_file_ref idref="fl-64"/>
      </object_component>
      <object_component id="oc-1ce">
         <name>.debug_info</name>
         <load_address>0x5709</load_address>
         <run_address>0x5709</run_address>
         <size>0x136</size>
         <input_file_ref idref="fl-6"/>
      </object_component>
      <object_component id="oc-1df">
         <name>.debug_info</name>
         <load_address>0x583f</load_address>
         <run_address>0x583f</run_address>
         <size>0x101</size>
         <input_file_ref idref="fl-5"/>
      </object_component>
      <object_component id="oc-1e3">
         <name>.debug_info</name>
         <load_address>0x5940</load_address>
         <run_address>0x5940</run_address>
         <size>0x20d</size>
         <input_file_ref idref="fl-5a"/>
      </object_component>
      <object_component id="oc-1eb">
         <name>.debug_info</name>
         <load_address>0x5b4d</load_address>
         <run_address>0x5b4d</run_address>
         <size>0x188</size>
         <input_file_ref idref="fl-3f"/>
      </object_component>
      <object_component id="oc-1f2">
         <name>.debug_info</name>
         <load_address>0x5cd5</load_address>
         <run_address>0x5cd5</run_address>
         <size>0x11b</size>
         <input_file_ref idref="fl-40"/>
      </object_component>
      <object_component id="oc-1f7">
         <name>.debug_info</name>
         <load_address>0x5df0</load_address>
         <run_address>0x5df0</run_address>
         <size>0x1b3</size>
         <input_file_ref idref="fl-38"/>
      </object_component>
      <object_component id="oc-1fd">
         <name>.debug_info</name>
         <load_address>0x5fa3</load_address>
         <run_address>0x5fa3</run_address>
         <size>0x169</size>
         <input_file_ref idref="fl-5f"/>
      </object_component>
      <object_component id="oc-205">
         <name>.debug_info</name>
         <load_address>0x610c</load_address>
         <run_address>0x610c</run_address>
         <size>0x136</size>
         <input_file_ref idref="fl-3e"/>
      </object_component>
      <object_component id="oc-209">
         <name>.debug_info</name>
         <load_address>0x6242</load_address>
         <run_address>0x6242</run_address>
         <size>0xd4</size>
         <input_file_ref idref="fl-3c"/>
      </object_component>
      <object_component id="oc-20e">
         <name>.debug_info</name>
         <load_address>0x6316</load_address>
         <run_address>0x6316</run_address>
         <size>0xe3</size>
         <input_file_ref idref="fl-5b"/>
      </object_component>
      <object_component id="oc-217">
         <name>.debug_info</name>
         <load_address>0x63f9</load_address>
         <run_address>0x63f9</run_address>
         <size>0x164</size>
         <input_file_ref idref="fl-6"/>
      </object_component>
      <object_component id="oc-21e">
         <name>.debug_info</name>
         <load_address>0x655d</load_address>
         <run_address>0x655d</run_address>
         <size>0x1dc</size>
         <input_file_ref idref="fl-36"/>
      </object_component>
      <object_component id="oc-22c">
         <name>.debug_info</name>
         <load_address>0x6739</load_address>
         <run_address>0x6739</run_address>
         <size>0x430</size>
         <input_file_ref idref="fl-3"/>
      </object_component>
      <object_component id="oc-231">
         <name>.debug_info</name>
         <load_address>0x6b69</load_address>
         <run_address>0x6b69</run_address>
         <size>0xd8</size>
         <input_file_ref idref="fl-60"/>
      </object_component>
      <object_component id="oc-236">
         <name>.debug_info</name>
         <load_address>0x6c41</load_address>
         <run_address>0x6c41</run_address>
         <size>0x112</size>
         <input_file_ref idref="fl-60"/>
      </object_component>
      <object_component id="oc-23e">
         <name>.debug_info</name>
         <load_address>0x6d53</load_address>
         <run_address>0x6d53</run_address>
         <size>0x2c</size>
         <input_file_ref idref="fl-7b"/>
      </object_component>
      <object_component id="oc-247">
         <name>.debug_info</name>
         <load_address>0x6d7f</load_address>
         <run_address>0x6d7f</run_address>
         <size>0x12d</size>
         <input_file_ref idref="fl-3"/>
      </object_component>
      <object_component id="oc-24b">
         <name>.debug_info</name>
         <load_address>0x6eac</load_address>
         <run_address>0x6eac</run_address>
         <size>0x223</size>
         <input_file_ref idref="fl-7"/>
      </object_component>
      <object_component id="oc-251">
         <name>.debug_info</name>
[...]
         <object_component_ref idref="oc-202"/>
      </symbol>
      <symbol id="sm-608">
         <name>__mspabi_fixdul</name>
         <value>0x1205e</value>
         <object_component_ref idref="oc-1e7"/>
      </symbol>
      <symbol id="sm-614">
         <name>__mspabi_fltud</name>
         <value>0x12c30</value>
         <object_component_ref idref="oc-1f0"/>
      </symbol>
      <symbol id="sm-629">
         <name>__mspabi_fltuld</name>
         <value>0x11cec</value>
         <object_component_ref idref="oc-27b"/>
      </symbol>
      <symbol id="sm-64a">
         <name>__TI_frcaddd</name>
         <value>0x10cb4</value>
         <object_component_ref idref="oc-28c"/>
      </symbol>
      <symbol id="sm-64d">
         <name>__TI_int41</name>
         <value>0xffd2</value>
         <object_component_ref idref="oc-6a"/>
      </symbol>
      <symbol id="sm-650">
         <name>__TI_int43</name>
         <value>0xffd6</value>
         <object_component_ref idref="oc-6c"/>
      </symbol>
      <symbol id="sm-653">
         <name>__TI_int44</name>
         <value>0xffd8</value>
         <object_component_ref idref="oc-6d"/>
      </symbol>
      <symbol id="sm-656">
         <name>__TI_int45</name>
         <value>0xffda</value>
         <object_component_ref idref="oc-6e"/>
      </symbol>
      <symbol id="sm-659">
         <name>__TI_int47</name>
         <value>0xffde</value>
         <object_component_ref idref="oc-70"/>
      </symbol>
      <symbol id="sm-65c">
         <name>__TI_int48</name>
         <value>0xffe0</value>
         <object_component_ref idref="oc-71"/>
      </symbol>
      <symbol id="sm-65f">
         <name>__TI_int50</name>
         <value>0xffe4</value>
         <object_component_ref idref="oc-79"/>
      </symbol>
      <symbol id="sm-662">
         <name>__TI_int51</name>
         <value>0xffe6</value>
         <object_component_ref idref="oc-7a"/>
      </symbol>
      <symbol id="sm-665">
         <name>__TI_int53</name>
         <value>0xffea</value>
         <object_component_ref idref="oc-7c"/>
      </symbol>
      <symbol id="sm-668">
         <name>__TI_int54</name>
         <value>0xffec</value>
         <object_component_ref idref="oc-7d"/>
      </symbol>
      <symbol id="sm-66b">
         <name>__TI_int55</name>
         <value>0xffee</value>
         <object_component_ref idref="oc-7e"/>
      </symbol>
      <symbol id="sm-66e">
         <name>__TI_int56</name>
         <value>0xfff0</value>
         <object_component_ref idref="oc-7f"/>
      </symbol>
      <symbol id="sm-671">
         <name>__TI_int57</name>
         <value>0xfff2</value>
         <object_component_ref idref="oc-80"/>
      </symbol>
      <symbol id="sm-674">
         <name>__TI_int58</name>
         <value>0xfff4</value>
         <object_component_ref idref="oc-81"/>
      </symbol>
      <symbol id="sm-677">
         <name>__TI_int59</name>
         <value>0xfff6</value>
         <object_component_ref idref="oc-82"/>
      </symbol>
      <symbol id="sm-67a">
         <name>__TI_int60</name>
         <value>0xfff8</value>
         <object_component_ref idref="oc-83"/>
      </symbol>
      <symbol id="sm-67d">
         <name>__TI_int61</name>
         <value>0xfffa</value>
         <object_component_ref idref="oc-84"/>
      </symbol>
      <symbol id="sm-680">
         <name>__TI_int62</name>
         <value>0xfffc</value>
         <object_component_ref idref="oc-85"/>
      </symbol>
      <symbol id="sm-688">
         <name>__TI_ISR_TRAP</name>
         <value>0x12c2a</value>
         <object_component_ref idref="oc-9f"/>
      </symbol>
      <symbol id="sm-698">
         <name>__mspabi_slll_9</name>
         <value>0x12652</value>
         <object_component_ref idref="oc-26f"/>
      </symbol>
      <symbol id="sm-699">
         <name>__mspabi_slll_8</name>
         <value>0x12656</value>
         <object_component_ref idref="oc-26f"/>
      </symbol>
      <symbol id="sm-69a">
         <name>__mspabi_slll_7</name>
         <value>0x1265a</value>
         <object_component_ref idref="oc-26f"/>
      </symbol>
      <symbol id="sm-69b">
         <name>__mspabi_slll_6</name>
         <value>0x1265e</value>
         <object_component_ref idref="oc-26f"/>
      </symbol>
      <symbol id="sm-69c">
         <name>__mspabi_slll_5</name>
         <value>0x12662</value>
         <object_component_ref idref="oc-26f"/>
      </symbol>
      <symbol id="sm-69d">
         <name>__mspabi_slll_4</name>
         <value>0x12666</value>
         <object_component_ref idref="oc-26f"/>
      </symbol>
      <symbol id="sm-69e">
         <name>__mspabi_slll_3</name>
         <value>0x1266a</value>
         <object_component_ref idref="oc-26f"/>
      </symbol>
      <symbol id="sm-69f">
         <name>__mspabi_slll_2</name>
         <value>0x1266e</value>
         <object_component_ref idref="oc-26f"/>
      </symbol>
      <symbol id="sm-6a0">
         <name>__mspabi_slll_1</name>
         <value>0x12672</value>
         <object_component_ref idref="oc-26f"/>
      </symbol>
      <symbol id="sm-6a1">
         <name>__mspabi_slll</name>
         <value>0x12be0</value>
         <object_component_ref idref="oc-2e4"/>
      </symbol>
      <symbol id="sm-6a2">
         <name>__mspabi_slll_15</name>
         <value>0x1263a</value>
         <object_component_ref idref="oc-26f"/>
      </symbol>
      <symbol id="sm-6a3">
         <name>__mspabi_slll_14</name>
         <value>0x1263e</value>
         <object_component_ref idref="oc-26f"/>
      </symbol>
      <symbol id="sm-6a4">
         <name>__mspabi_slll_13</name>
         <value>0x12642</value>
         <object_component_ref idref="oc-26f"/>
      </symbol>
      <symbol id="sm-6a5">
         <name>__mspabi_slll_12</name>
         <value>0x12646</value>
         <object_component_ref idref="oc-26f"/>
      </symbol>
      <symbol id="sm-6a6">
         <name>__mspabi_slll_11</name>
         <value>0x1264a</value>
         <object_component_ref idref="oc-26f"/>
      </symbol>
      <symbol id="sm-6a7">
         <name>__mspabi_slll_10</name>
         <value>0x1264e</value>
         <object_component_ref idref="oc-26f"/>
      </symbol>
      <symbol id="sm-6b7">
         <name>__mspabi_srll_8</name>
         <value>0x12694</value>
         <object_component_ref idref="oc-2c3"/>
      </symbol>
      <symbol id="sm-6b8">
         <name>__mspabi_srll_9</name>
         <value>0x12690</value>
         <object_component_ref idref="oc-2c3"/>
      </symbol>
      <symbol id="sm-6b9">
         <name>__mspabi_srll_6</name>
         <value>0x1269c</value>
         <object_component_ref idref="oc-2c3"/>
      </symbol>
      <symbol id="sm-6ba">
         <name>__mspabi_srll_7</name>
         <value>0x12698</value>
         <object_component_ref idref="oc-2c3"/>
      </symbol>
      <symbol id="sm-6bb">
         <name>__mspabi_srll_4</name>
         <value>0x126a4</value>
         <object_component_ref idref="oc-2c3"/>
      </symbol>
      <symbol id="sm-6bc">
         <name>__mspabi_srll_5</name>
         <value>0x126a0</value>
         <object_component_ref idref="oc-2c3"/>
      </symbol>
      <symbol id="sm-6bd">
         <name>__mspabi_srll_2</name>
         <value>0x126ac</value>
         <object_component_ref idref="oc-2c3"/>
      </symbol>
      <symbol id="sm-6be">
         <name>__mspabi_srll_3</name>
         <value>0x126a8</value>
         <object_component_ref idref="oc-2c3"/>
      </symbol>
      <symbol id="sm-6bf">
         <name>__mspabi_srll_1</name>
         <value>0x126b0</value>
         <object_component_ref idref="oc-2c3"/>
      </symbol>
      <symbol id="sm-6c0">
         <name>__mspabi_srll_15</name>
         <value>0x12678</value>
         <object_component_ref idref="oc-2c3"/>
      </symbol>
      <symbol id="sm-6c1">
         <name>__mspabi_srll_14</name>
         <value>0x1267c</value>
         <object_component_ref idref="oc-2c3"/>
      </symbol>
      <symbol id="sm-6c2">
         <name>__mspabi_srll_13</name>
         <value>0x12680</value>
         <object_component_ref idref="oc-2c3"/>
      </symbol>
      <symbol id="sm-6c3">
         <name>__mspabi_srll_12</name>
         <value>0x12684</value>
         <object_component_ref idref="oc-2c3"/>
      </symbol>
      <symbol id="sm-6c4">
         <name>__mspabi_srll_11</name>
         <value>0x12688</value>
         <object_component_ref idref="oc-2c3"/>
      </symbol>
      <symbol id="sm-6c5">
         <name>__mspabi_srll_10</name>
         <value>0x1268c</value>
         <object_component_ref idref="oc-2c3"/>
      </symbol>
      <symbol id="sm-6c6">
         <name>__mspabi_srll</name>
         <value>0x12bf0</value>
         <object_component_ref idref="oc-274"/>
      </symbol>
      <symbol id="sm-6d9">
         <name>memcpy</name>
         <value>0x12b74</value>
         <object_component_ref idref="oc-d5"/>
      </symbol>
      <symbol id="sm-6fa">
         <name>__mspabi_mpyd</name>
         <value>0x10a32</value>
         <object_component_ref idref="oc-1e1"/>
      </symbol>
      <symbol id="sm-702">
         <name>__mspabi_mpyi_f5hw</name>
         <value>0x12b4a</value>
         <object_component_ref idref="oc-20d"/>
      </symbol>
      <symbol id="sm-70b">
         <name>_system_pre_init</name>
         <value>0x12c52</value>
         <object_component_ref idref="oc-b6"/>
      </symbol>
      <symbol id="sm-72e">
         <name>printf</name>
         <value>0x124a4</value>
         <object_component_ref idref="oc-30c"/>
      </symbol>
      <symbol id="sm-742">
         <name>__TI_renormd</name>
         <value>0x1196a</value>
         <object_component_ref idref="oc-2ee"/>
      </symbol>
      <symbol id="sm-74e">
         <name>__mspabi_subd</name>
         <value>0x12804</value>
         <object_component_ref idref="oc-1fc"/>
      </symbol>
      <symbol id="sm-75f">
         <name>_nop</name>
         <value>0x12c5a</value>
         <object_component_ref idref="oc-22e"/>
      </symbol>
      <symbol id="sm-760">
         <name>_lock</name>
         <value>0x27c8</value>
         <object_component_ref idref="oc-178"/>
      </symbol>
      <symbol id="sm-761">
         <name>_unlock</name>
         <value>0x27cc</value>
         <object_component_ref idref="oc-178"/>
      </symbol>
      <symbol id="sm-7ce">
         <name>__TI_printfi_minimal</name>
         <value>0x117de</value>
         <object_component_ref idref="oc-33c"/>
      </symbol>
      <symbol id="sm-7df">
         <name>__mspabi_sral</name>
         <value>0x12bd0</value>
         <object_component_ref idref="oc-2e9"/>
      </symbol>
      <symbol id="sm-7e0">
         <name>__mspabi_sral_15</name>
         <value>0x125fc</value>
         <object_component_ref idref="oc-2cd"/>
      </symbol>
      <symbol id="sm-7e1">
         <name>__mspabi_sral_14</name>
         <value>0x12600</value>
         <object_component_ref idref="oc-2cd"/>
      </symbol>
      <symbol id="sm-7e2">
         <name>__mspabi_sral_13</name>
         <value>0x12604</value>
         <object_component_ref idref="oc-2cd"/>
      </symbol>
      <symbol id="sm-7e3">
         <name>__mspabi_sral_12</name>
         <value>0x12608</value>
         <object_component_ref idref="oc-2cd"/>
      </symbol>
      <symbol id="sm-7e4">
         <name>__mspabi_sral_11</name>
         <value>0x1260c</value>
         <object_component_ref idref="oc-2cd"/>
      </symbol>
      <symbol id="sm-7e5">
         <name>__mspabi_sral_10</name>
         <value>0x12610</value>
         <object_component_ref idref="oc-2cd"/>
      </symbol>
      <symbol id="sm-7e6">
         <name>__mspabi_sral_8</name>
         <value>0x12618</value>
         <object_component_ref idref="oc-2cd"/>
      </symbol>
      <symbol id="sm-7e7">
         <name>__mspabi_sral_9</name>
         <value>0x12614</value>
         <object_component_ref idref="oc-2cd"/>
      </symbol>
      <symbol id="sm-7e8">
         <name>__mspabi_sral_6</name>
         <value>0x12620</value>
         <object_component_ref idref="oc-2cd"/>
      </symbol>
      <symbol id="sm-7e9">
         <name>__mspabi_sral_7</name>
         <value>0x1261c</value>
         <object_component_ref idref="oc-2cd"/>
      </symbol>
      <symbol id="sm-7ea">
         <name>__mspabi_sral_4</name>
         <value>0x12628</value>
         <object_component_ref idref="oc-2cd"/>
      </symbol>
      <symbol id="sm-7eb">
         <name>__mspabi_sral_5</name>
         <value>0x12624</value>
         <object_component_ref idref="oc-2cd"/>
      </symbol>
      <symbol id="sm-7ec">
         <name>__mspabi_sral_2</name>
         <value>0x12630</value>
         <object_component_ref idref="oc-2cd"/>
      </symbol>
      <symbol id="sm-7ed">
         <name>__mspabi_sral_3</name>
         <value>0x1262c</value>
         <object_component_ref idref="oc-2cd"/>
      </symbol>
      <symbol id="sm-7ee">
         <name>__mspabi_sral_1</name>
         <value>0x12634</value>
         <object_component_ref idref="oc-2cd"/>
      </symbol>
      <symbol id="sm-805">
         <name>_auto_init_hold_wdt</name>
         <value>0x11eb4</value>
         <object_component_ref idref="oc-bc"/>
      </symbol>
      <symbol id="sm-815">
         <name>__TI_tmpnams</name>
         <value>0x2400</value>
      </symbol>
      <symbol id="sm-816">
         <name>_ftable</name>
         <value>0x2606</value>
         <object_component_ref idref="oc-32d"/>
      </symbol>
      <symbol id="sm-817">
         <name>__TI_ft_end</name>
         <value>0x27d4</value>
         <object_component_ref idref="oc-44a"/>
      </symbol>
      <symbol id="sm-82a">
         <name>fputc</name>
         <value>0x11b50</value>
         <object_component_ref idref="oc-351"/>
      </symbol>
      <symbol id="sm-842">
         <name>fputs</name>
         <value>0x11536</value>
         <object_component_ref idref="oc-34a"/>
      </symbol>
      <symbol id="sm-853">
         <name>__TI_frcmpyd</name>
         <value>0x10476</value>
         <object_component_ref idref="oc-262"/>
      </symbol>
      <symbol id="sm-8ab">
         <name>lseek</name>
         <value>0x126b6</value>
         <object_component_ref idref="oc-3ec"/>
      </symbol>
      <symbol id="sm-8ac">
         <name>write</name>
         <value>0x126f4</value>
         <object_component_ref idref="oc-391"/>
      </symbol>
      <symbol id="sm-8ad">
         <name>close</name>
         <value>0x122ae</value>
         <object_component_ref idref="oc-485"/>
      </symbol>
      <symbol id="sm-8ae">
         <name>unlink</name>
         <value>0x128ca</value>
         <object_component_ref idref="oc-48c"/>
      </symbol>
      <symbol id="sm-8bd">
         <name>memccpy</name>
         <value>0x12a40</value>
         <object_component_ref idref="oc-3aa"/>
      </symbol>
      <symbol id="sm-8cc">
         <name>memchr</name>
         <value>0x12b08</value>
         <object_component_ref idref="oc-385"/>
      </symbol>
      <symbol id="sm-8da">
         <name>memset</name>
         <value>0x12b1e</value>
         <object_component_ref idref="oc-39d"/>
      </symbol>
      <symbol id="sm-8e2">
         <name>__mspabi_mpyl_f5hw</name>
         <value>0x129fe</value>
         <object_component_ref idref="oc-2c8"/>
      </symbol>
      <symbol id="sm-8f1">
         <name>strchr</name>
         <value>0x12aee</value>
         <object_component_ref idref="oc-4f9"/>
      </symbol>
      <symbol id="sm-8ff">
         <name>strcmp</name>
         <value>0x12a9c</value>
         <object_component_ref idref="oc-516"/>
      </symbol>
      <symbol id="sm-90c">
         <name>strlen</name>
         <value>0x12c1c</value>
         <object_component_ref idref="oc-358"/>
      </symbol>
      <symbol id="sm-91c">
         <name>strncpy</name>
         <value>0x12868</value>
         <object_component_ref idref="oc-4ff"/>
      </symbol>
      <symbol id="sm-957">
         <name>HOSTrename</name>
         <value>0x11d62</value>
         <object_component_ref idref="oc-474"/>
      </symbol>
      <symbol id="sm-958">
         <name>HOSTclose</name>
         <value>0x1240c</value>
         <object_component_ref idref="oc-456"/>
      </symbol>
      <symbol id="sm-959">
         <name>HOSTunlink</name>
         <value>0x12536</value>
         <object_component_ref idref="oc-46e"/>
      </symbol>
      <symbol id="sm-95a">
         <name>HOSTlseek</name>
         <value>0x11a1c</value>
         <object_component_ref idref="oc-468"/>
      </symbol>
      <symbol id="sm-95b">
         <name>HOSTopen</name>
         <value>0x11e46</value>
         <object_component_ref idref="oc-450"/>
      </symbol>
      <symbol id="sm-95c">
         <name>HOSTwrite</name>
         <value>0x11f22</value>
         <object_component_ref idref="oc-462"/>
      </symbol>
      <symbol id="sm-95d">
         <name>HOSTread</name>
         <value>0x11ff6</value>
         <object_component_ref idref="oc-45c"/>
      </symbol>
      <symbol id="sm-97b">
         <name>__TI_readmsg</name>
         <value>0x127d2</value>
         <object_component_ref idref="oc-4a4"/>
      </symbol>
      <symbol id="sm-97c">
         <name>C$$IO$$</name>
         <value>0x12798</value>
         <object_component_ref idref="oc-49d"/>
      </symbol>
      <symbol id="sm-97d">
         <name>_CIOBUF_</name>
         <value>0x27d8</value>
         <object_component_ref idref="oc-4f1"/>
      </symbol>
      <symbol id="sm-97e">
         <name>__TI_writemsg</name>
         <value>0x12766</value>
         <object_component_ref idref="oc-49d"/>
      </symbol>
      <symbol id="sm-996">
         <name>__TI_wrt_ok</name>
         <value>0x11c6e</value>
         <object_component_ref idref="oc-37f"/>
      </symbol>
      <symbol id="sm-9a8">
         <name>__TI_doflush</name>
         <value>0x1212c</value>
         <object_component_ref idref="oc-38b"/>
      </symbol>
      <symbol id="sm-9b8">
         <name>fseek</name>
         <value>0x11f8c</value>
         <object_component_ref idref="oc-3be"/>
      </symbol>
      <symbol id="sm-9d0">
         <name>setvbuf</name>
         <value>0x11626</value>
         <object_component_ref idref="oc-3c4"/>
      </symbol>
      <symbol id="sm-9dd">
         <name>strcpy</name>
         <value>0x12bbe</value>
         <object_component_ref idref="oc-4da"/>
      </symbol>
      <symbol id="sm-9e9">
         <name>__TI_cleanup</name>
         <value>0x12730</value>
         <object_component_ref idref="oc-400"/>
      </symbol>
      <symbol id="sm-a34">
         <name>_sys_memory</name>
         <value>0x28f8</value>
         <object_component_ref idref="oc-9c"/>
      </symbol>
      <symbol id="sm-a35">
         <name>free</name>
         <value>0x11be0</value>
         <object_component_ref idref="oc-3f4"/>
      </symbol>
      <symbol id="sm-a36">
         <name>malloc</name>
         <value>0x118b0</value>
         <object_component_ref idref="oc-3fa"/>
      </symbol>
      <symbol id="sm-a37">
         <name>minit</name>
         <value>0x1257c</value>
         <object_component_ref idref="oc-43a"/>
      </symbol>
      <symbol id="sm-a48">
         <name>__TI_closefile</name>
         <value>0x11dd6</value>
         <object_component_ref idref="oc-444"/>
      </symbol>
      <symbol id="sm-a4a">
         <name>__TI_exit</name>
         <value>0x1</value>
      </symbol>
      <symbol id="sm-a4b">
         <name>__TI_args_main</name>
         <value>0x1</value>
      </symbol>
      <symbol id="sm-a4c">
         <name>__TI_INITARRAY_Base</name>
         <value>0x0</value>
      </symbol>
      <symbol id="sm-a4d">
         <name>__TI_INITARRAY_Limit</name>
         <value>0x0</value>
      </symbol>
      <symbol id="sm-a50">
         <name>remove</name>
         <value>0x128ca</value>
      </symbol>
   </symbol_table>
   <title>Link successful</title>
</link_info>
